Archive member included to satisfy reference by file (symbol)

/home/maniya/stm32cubeclt_1.18.0/GNU-tools-for-STM32/bin/../lib/gcc/arm-none-eabi/13.3.1/../../../../arm-none-eabi/lib/thumb/v7e-m+fp/hard/libc_nano.a(libc_a-exit.o)
                              /home/maniya/stm32cubeclt_1.18.0/GNU-tools-for-STM32/bin/../lib/gcc/arm-none-eabi/13.3.1/../../../../arm-none-eabi/lib/thumb/v7e-m+fp/hard/crt0.o (exit)
/home/maniya/stm32cubeclt_1.18.0/GNU-tools-for-STM32/bin/../lib/gcc/arm-none-eabi/13.3.1/../../../../arm-none-eabi/lib/thumb/v7e-m+fp/hard/libc_nano.a(libc_a-nano-vfprintf_float.o)
                              (_printf_float)
/home/maniya/stm32cubeclt_1.18.0/GNU-tools-for-STM32/bin/../lib/gcc/arm-none-eabi/13.3.1/../../../../arm-none-eabi/lib/thumb/v7e-m+fp/hard/libc_nano.a(libc_a-nano-vfprintf_i.o)
                              /home/maniya/stm32cubeclt_1.18.0/GNU-tools-for-STM32/bin/../lib/gcc/arm-none-eabi/13.3.1/../../../../arm-none-eabi/lib/thumb/v7e-m+fp/hard/libc_nano.a(libc_a-nano-vfprintf_float.o) (_printf_common)
/home/maniya/stm32cubeclt_1.18.0/GNU-tools-for-STM32/bin/../lib/gcc/arm-none-eabi/13.3.1/../../../../arm-none-eabi/lib/thumb/v7e-m+fp/hard/libc_nano.a(libc_a-findfp.o)
                              /home/maniya/stm32cubeclt_1.18.0/GNU-tools-for-STM32/bin/../lib/gcc/arm-none-eabi/13.3.1/../../../../arm-none-eabi/lib/thumb/v7e-m+fp/hard/libc_nano.a(libc_a-exit.o) (__stdio_exit_handler)
/home/maniya/stm32cubeclt_1.18.0/GNU-tools-for-STM32/bin/../lib/gcc/arm-none-eabi/13.3.1/../../../../arm-none-eabi/lib/thumb/v7e-m+fp/hard/libc_nano.a(libc_a-fwalk.o)
                              /home/maniya/stm32cubeclt_1.18.0/GNU-tools-for-STM32/bin/../lib/gcc/arm-none-eabi/13.3.1/../../../../arm-none-eabi/lib/thumb/v7e-m+fp/hard/libc_nano.a(libc_a-findfp.o) (_fwalk_sglue)
/home/maniya/stm32cubeclt_1.18.0/GNU-tools-for-STM32/bin/../lib/gcc/arm-none-eabi/13.3.1/../../../../arm-none-eabi/lib/thumb/v7e-m+fp/hard/libc_nano.a(libc_a-stdio.o)
                              /home/maniya/stm32cubeclt_1.18.0/GNU-tools-for-STM32/bin/../lib/gcc/arm-none-eabi/13.3.1/../../../../arm-none-eabi/lib/thumb/v7e-m+fp/hard/libc_nano.a(libc_a-findfp.o) (__sread)
/home/maniya/stm32cubeclt_1.18.0/GNU-tools-for-STM32/bin/../lib/gcc/arm-none-eabi/13.3.1/../../../../arm-none-eabi/lib/thumb/v7e-m+fp/hard/libc_nano.a(libc_a-memset.o)
                              /home/maniya/stm32cubeclt_1.18.0/GNU-tools-for-STM32/bin/../lib/gcc/arm-none-eabi/13.3.1/../../../../arm-none-eabi/lib/thumb/v7e-m+fp/hard/crt0.o (memset)
/home/maniya/stm32cubeclt_1.18.0/GNU-tools-for-STM32/bin/../lib/gcc/arm-none-eabi/13.3.1/../../../../arm-none-eabi/lib/thumb/v7e-m+fp/hard/libc_nano.a(libc_a-localeconv.o)
                              /home/maniya/stm32cubeclt_1.18.0/GNU-tools-for-STM32/bin/../lib/gcc/arm-none-eabi/13.3.1/../../../../arm-none-eabi/lib/thumb/v7e-m+fp/hard/libc_nano.a(libc_a-nano-vfprintf_float.o) (_localeconv_r)
/home/maniya/stm32cubeclt_1.18.0/GNU-tools-for-STM32/bin/../lib/gcc/arm-none-eabi/13.3.1/../../../../arm-none-eabi/lib/thumb/v7e-m+fp/hard/libc_nano.a(libc_a-closer.o)
                              /home/maniya/stm32cubeclt_1.18.0/GNU-tools-for-STM32/bin/../lib/gcc/arm-none-eabi/13.3.1/../../../../arm-none-eabi/lib/thumb/v7e-m+fp/hard/libc_nano.a(libc_a-stdio.o) (_close_r)
/home/maniya/stm32cubeclt_1.18.0/GNU-tools-for-STM32/bin/../lib/gcc/arm-none-eabi/13.3.1/../../../../arm-none-eabi/lib/thumb/v7e-m+fp/hard/libc_nano.a(libc_a-reent.o)
                              /home/maniya/stm32cubeclt_1.18.0/GNU-tools-for-STM32/bin/../lib/gcc/arm-none-eabi/13.3.1/../../../../arm-none-eabi/lib/thumb/v7e-m+fp/hard/libc_nano.a(libc_a-closer.o) (errno)
/home/maniya/stm32cubeclt_1.18.0/GNU-tools-for-STM32/bin/../lib/gcc/arm-none-eabi/13.3.1/../../../../arm-none-eabi/lib/thumb/v7e-m+fp/hard/libc_nano.a(libc_a-impure.o)
                              /home/maniya/stm32cubeclt_1.18.0/GNU-tools-for-STM32/bin/../lib/gcc/arm-none-eabi/13.3.1/../../../../arm-none-eabi/lib/thumb/v7e-m+fp/hard/libc_nano.a(libc_a-reent.o) (_impure_ptr)
/home/maniya/stm32cubeclt_1.18.0/GNU-tools-for-STM32/bin/../lib/gcc/arm-none-eabi/13.3.1/../../../../arm-none-eabi/lib/thumb/v7e-m+fp/hard/libc_nano.a(libc_a-lseekr.o)
                              /home/maniya/stm32cubeclt_1.18.0/GNU-tools-for-STM32/bin/../lib/gcc/arm-none-eabi/13.3.1/../../../../arm-none-eabi/lib/thumb/v7e-m+fp/hard/libc_nano.a(libc_a-stdio.o) (_lseek_r)
/home/maniya/stm32cubeclt_1.18.0/GNU-tools-for-STM32/bin/../lib/gcc/arm-none-eabi/13.3.1/../../../../arm-none-eabi/lib/thumb/v7e-m+fp/hard/libc_nano.a(libc_a-readr.o)
                              /home/maniya/stm32cubeclt_1.18.0/GNU-tools-for-STM32/bin/../lib/gcc/arm-none-eabi/13.3.1/../../../../arm-none-eabi/lib/thumb/v7e-m+fp/hard/libc_nano.a(libc_a-stdio.o) (_read_r)
/home/maniya/stm32cubeclt_1.18.0/GNU-tools-for-STM32/bin/../lib/gcc/arm-none-eabi/13.3.1/../../../../arm-none-eabi/lib/thumb/v7e-m+fp/hard/libc_nano.a(libc_a-writer.o)
[...]
Memory Configuration

Name             Origin             Length             Attributes
RAM              0x20000000         0x0000a000         xrw
CCMRAM           0x10000000         0x00002000         xrw
FLASH            0x08000000         0x00040000         xr
*default*        0x00000000         0xffffffff

Linker script and memory map

LOAD /home/maniya/stm32cubeclt_1.18.0/GNU-tools-for-STM32/bin/../lib/gcc/arm-none-eabi/13.3.1/thumb/v7e-m+fp/hard/crti.o
LOAD /home/maniya/stm32cubeclt_1.18.0/GNU-tools-for-STM32/bin/../lib/gcc/arm-none-eabi/13.3.1/thumb/v7e-m+fp/hard/crtbegin.o
LOAD /home/maniya/stm32cubeclt_1.18.0/GNU-tools-for-STM32/bin/../lib/gcc/arm-none-eabi/13.3.1/../../../../arm-none-eabi/lib/thumb/v7e-m+fp/hard/crt0.o
START GROUP
LOAD /home/maniya/stm32cubeclt_1.18.0/GNU-tools-for-STM32/bin/../lib/gcc/arm-none-eabi/13.3.1/../../../../arm-none-eabi/lib/thumb/v7e-m+fp/hard/libc_nano.a
LOAD /home/maniya/stm32cubeclt_1.18.0/GNU-tools-for-STM32/bin/../lib/gcc/arm-none-eabi/13.3.1/../../../../arm-none-eabi/lib/thumb/v7e-m+fp/hard/libm.a
END GROUP
LOAD cmake/stm32cubemx/CMakeFiles/STM32_Drivers.dir/__/__/Core/Src/system_stm32f3xx.c.obj
LOAD cmake/stm32cubemx/CMakeFiles/STM32_Drivers.dir/__/__/Drivers/STM32F3xx_HAL_Driver/Src/stm32f3xx_ll_usb.c.obj
LOAD cmake/stm32cubemx/CMakeFiles/STM32_Drivers.dir/__/__/Drivers/STM32F3xx_HAL_Driver/Src/stm32f3xx_hal_pcd.c.obj
LOAD cmake/stm32cubemx/CMakeFiles/STM32_Drivers.dir/__/__/Drivers/STM32F3xx_HAL_Driver/Src/stm32f3xx_hal_pcd_ex.c.obj
LOAD cmake/stm32cubemx/CMakeFiles/STM32_Drivers.dir/__/__/Drivers/STM32F3xx_HAL_Driver/Src/stm32f3xx_hal.c.obj
LOAD cmake/stm32cubemx/CMakeFiles/STM32_Drivers.dir/__/__/Drivers/STM32F3xx_HAL_Driver/Src/stm32f3xx_hal_rcc.c.obj
LOAD cmake/stm32cubemx/CMakeFiles/STM32_Drivers.dir/__/__/Drivers/STM32F3xx_HAL_Driver/Src/stm32f3xx_hal_rcc_ex.c.obj
LOAD cmake/stm32cubemx/CMakeFiles/STM32_Drivers.dir/__/__/Drivers/STM32F3xx_HAL_Driver/Src/stm32f3xx_hal_gpio.c.obj
LOAD cmake/stm32cubemx/CMakeFiles/STM32_Drivers.dir/__/__/Drivers/STM32F3xx_HAL_Driver/Src/stm32f3xx_hal_dma.c.obj
LOAD cmake/stm32cubemx/CMakeFiles/STM32_Drivers.dir/__/__/Drivers/STM32F3xx_HAL_Driver/Src/stm32f3xx_hal_cortex.c.obj
LOAD cmake/stm32cubemx/CMakeFiles/STM32_Drivers.dir/__/__/Drivers/STM32F3xx_HAL_Driver/Src/stm32f3xx_hal_pwr.c.obj
LOAD cmake/stm32cubemx/CMakeFiles/STM32_Drivers.dir/__/__/Drivers/STM32F3xx_HAL_Driver/Src/stm32f3xx_hal_pwr_ex.c.obj
LOAD cmake/stm32cubemx/CMakeFiles/STM32_Drivers.dir/__/__/Drivers/STM32F3xx_HAL_Driver/Src/stm32f3xx_hal_flash.c.obj
LOAD cmake/stm32cubemx/CMakeFiles/STM32_Drivers.dir/__/__/Drivers/STM32F3xx_HAL_Driver/Src/stm32f3xx_hal_flash_ex.c.obj
LOAD cmake/stm32cubemx/CMakeFiles/STM32_Drivers.dir/__/__/Drivers/STM32F3xx_HAL_Driver/Src/stm32f3xx_hal_i2c.c.obj
LOAD cmake/stm32cubemx/CMakeFiles/STM32_Drivers.dir/__/__/Drivers/STM32F3xx_HAL_Driver/Src/stm32f3xx_hal_i2c_ex.c.obj
LOAD cmake/stm32cubemx/CMakeFiles/STM32_Drivers.dir/__/__/Drivers/STM32F3xx_HAL_Driver/Src/stm32f3xx_hal_exti.c.obj
LOAD cmake/stm32cubemx/CMakeFiles/STM32_Drivers.dir/__/__/Drivers/STM32F3xx_HAL_Driver/Src/stm32f3xx_hal_spi.c.obj
LOAD cmake/stm32cubemx/CMakeFiles/STM32_Drivers.dir/__/__/Drivers/STM32F3xx_HAL_Driver/Src/stm32f3xx_hal_spi_ex.c.obj
LOAD cmake/stm32cubemx/CMakeFiles/STM32_Drivers.dir/__/__/Drivers/STM32F3xx_HAL_Driver/Src/stm32f3xx_hal_tim.c.obj
LOAD cmake/stm32cubemx/CMakeFiles/STM32_Drivers.dir/__/__/Drivers/STM32F3xx_HAL_Driver/Src/stm32f3xx_hal_tim_ex.c.obj
LOAD cmake/stm32cubemx/CMakeFiles/STM32_Drivers.dir/__/__/Drivers/STM32F3xx_HAL_Driver/Src/stm32f3xx_hal_uart.c.obj
LOAD cmake/stm32cubemx/CMakeFiles/STM32_Drivers.dir/__/__/Drivers/STM32F3xx_HAL_Driver/Src/stm32f3xx_hal_uart_ex.c.obj
LOAD cmake/stm32cubemx/CMakeFiles/USB_Device_Library.dir/__/__/Middlewares/ST/STM32_USB_Device_Library/Core/Src/usbd_core.c.obj
LOAD cmake/stm32cubemx/CMakeFiles/USB_Device_Library.dir/__/__/Middlewares/ST/STM32_USB_Device_Library/Core/Src/usbd_ctlreq.c.obj
LOAD cmake/stm32cubemx/CMakeFiles/USB_Device_Library.dir/__/__/Middlewares/ST/STM32_USB_Device_Library/Core/Src/usbd_ioreq.c.obj
LOAD cmake/stm32cubemx/CMakeFiles/USB_Device_Library.dir/__/__/Middlewares/ST/STM32_USB_Device_Library/Class/CDC/Src/usbd_cdc.c.obj
LOAD CMakeFiles/lab06_taskab.dir/USB_DEVICE/Target/usbd_conf.c.obj
LOAD CMakeFiles/lab06_taskab.dir/USB_DEVICE/App/usb_device.c.obj
LOAD CMakeFiles/lab06_taskab.dir/USB_DEVICE/App/usbd_desc.c.obj
LOAD CMakeFiles/lab06_taskab.dir/USB_DEVICE/App/usbd_cdc_if.c.obj
LOAD CMakeFiles/lab06_taskab.dir/Core/Src/main.c.obj
LOAD CMakeFiles/lab06_taskab.dir/Core/Src/stm32f3xx_it.c.obj
LOAD CMakeFiles/lab06_taskab.dir/Core/Src/stm32f3xx_hal_msp.c.obj
LOAD CMakeFiles/lab06_taskab.dir/Core/Src/sysmem.c.obj
LOAD CMakeFiles/lab06_taskab.dir/Core/Src/syscalls.c.obj
LOAD CMakeFiles/lab06_taskab.dir/startup_stm32f303xc.s.obj
START GROUP
LOAD /home/maniya/stm32cubeclt_1.18.0/GNU-tools-for-STM32/bin/../lib/gcc/arm-none-eabi/13.3.1/thumb/v7e-m+fp/hard/libgcc.a
LOAD /home/maniya/stm32cubeclt_1.18.0/GNU-tools-for-STM32/bin/../lib/gcc/arm-none-eabi/13.3.1/../../../../arm-none-eabi/lib/thumb/v7e-m+fp/hard/libg_nano.a
LOAD /home/maniya/stm32cubeclt_1.18.0/GNU-tools-for-STM32/bin/../lib/gcc/arm-none-eabi/13.3.1/../../../../arm-none-eabi/lib/thumb/v7e-m+fp/hard/libc_nano.a
END GROUP
START GROUP
LOAD /home/maniya/stm32cubeclt_1.18.0/GNU-tools-for-STM32/bin/../lib/gcc/arm-none-eabi/13.3.1/thumb/v7e-m+fp/hard/libgcc.a
LOAD /home/maniya/stm32cubeclt_1.18.0/GNU-tools-for-STM32/bin/../lib/gcc/arm-none-eabi/13.3.1/../../../../arm-none-eabi/lib/thumb/v7e-m+fp/hard/libc_nano.a
END GROUP
LOAD /home/maniya/stm32cubeclt_1.18.0/GNU-tools-for-STM32/bin/../lib/gcc/arm-none-eabi/13.3.1/thumb/v7e-m+fp/hard/crtend.o
LOAD /home/maniya/stm32cubeclt_1.18.0/GNU-tools-for-STM32/bin/../lib/gcc/arm-none-eabi/13.3.1/thumb/v7e-m+fp/hard/crtn.o
                0x2000a000                        _estack = (ORIGIN (RAM) + LENGTH (RAM))
                0x00000200                        _Min_Heap_Size = 0x200
                0x00000400                        _Min_Stack_Size = 0x400

.isr_vector     0x08000000      0x188
                0x08000000                        . = ALIGN (0x4)
 *(.isr_vector)
 .isr_vector    0x08000000      0x188 CMakeFiles/lab06_taskab.dir/startup_stm32f303xc.s.obj
                0x08000000                g_pfnVectors
                0x08000188                        . = ALIGN (0x4)

.text           0x08000190     0xd890
                0x08000190                        . = ALIGN (0x4)
 *(.text)
 .text          0x08000190       0x40 /home/maniya/stm32cubeclt_1.18.0/GNU-tools-for-STM32/bin/../lib/gcc/arm-none-eabi/13.3.1/thumb/v7e-m+fp/hard/crtbegin.o
 .text          0x080001d0       0xa0 /home/maniya/stm32cubeclt_1.18.0/GNU-tools-for-STM32/bin/../lib/gcc/arm-none-eabi/13.3.1/../../../../arm-none-eabi/lib/thumb/v7e-m+fp/hard/libc_nano.a(libc_a-memchr.o)
                0x080001d0                memchr
 .text          0x08000270       0x10 /home/maniya/stm32cubeclt_1.18.0/GNU-tools-for-STM32/bin/../lib/gcc/arm-none-eabi/13.3.1/../../../../arm-none-eabi/lib/thumb/v7e-m+fp/hard/libc_nano.a(libc_a-strlen.o)
                0x08000270                strlen
 .text          0x08000280      0x378 /home/maniya/stm32cubeclt_1.18.0/GNU-tools-for-STM32/bin/../lib/gcc/arm-none-eabi/13.3.1/thumb/v7e-m+fp/hard/libgcc.a(_arm_addsubdf3.o)
                0x08000280                __aeabi_drsub
                0x08000288                __aeabi_dsub
                0x08000288                __subdf3
                0x0800028c                __adddf3
                0x0800028c                __aeabi_dadd
                0x08000504                __aeabi_ui2d
                0x08000504                __floatunsidf
                0x08000524                __floatsidf
                0x08000524                __aeabi_i2d
                0x08000548                __extendsfdf2
                0x08000548                __aeabi_f2d
                0x0800058c                __aeabi_ul2d
                0x0800058c                __floatundidf
                0x0800059c                __floatdidf
                0x0800059c                __aeabi_l2d
 .text          0x080005f8      0x424 /home/maniya/stm32cubeclt_1.18.0/GNU-tools-for-STM32/bin/../lib/gcc/arm-none-eabi/13.3.1/thumb/v7e-m+fp/hard/libgcc.a(_arm_muldivdf3.o)
                0x080005f8                __aeabi_dmul
                0x080005f8                __muldf3
                0x0800084c                __aeabi_ddiv
                0x0800084c                __divdf3
 .text          0x08000a1c      0x110 /home/maniya/stm32cubeclt_1.18.0/GNU-tools-for-STM32/bin/../lib/gcc/arm-none-eabi/13.3.1/thumb/v7e-m+fp/hard/libgcc.a(_arm_cmpdf2.o)
                0x08000a1c                __gtdf2
                0x08000a1c                __gedf2
                0x08000a24                __ltdf2
                0x08000a24                __ledf2
                0x08000a2c                __cmpdf2
                0x08000a2c                __eqdf2
                0x08000a2c                __nedf2
                0x08000aa8                __aeabi_cdrcmple
                0x08000ab8                __aeabi_cdcmple
                0x08000ab8                __aeabi_cdcmpeq
                0x08000ac8                __aeabi_dcmpeq
                0x08000adc                __aeabi_dcmplt
                0x08000af0                __aeabi_dcmple
                0x08000b04                __aeabi_dcmpge
                0x08000b18                __aeabi_dcmpgt
 .text          0x08000b2c       0x2c /home/maniya/stm32cubeclt_1.18.0/GNU-tools-for-STM32/bin/../lib/gcc/arm-none-eabi/13.3.1/thumb/v7e-m+fp/hard/libgcc.a(_arm_unorddf2.o)
                0x08000b2c                __aeabi_dcmpun
                0x08000b2c                __unorddf2
 .text          0x08000b58       0x50 /home/maniya/stm32cubeclt_1.18.0/GNU-tools-for-STM32/bin/../lib/gcc/arm-none-eabi/13.3.1/thumb/v7e-m+fp/hard/libgcc.a(_arm_fixdfsi.o)
                0x08000b58                __fixdfsi
                0x08000b58                __aeabi_d2iz
 *(.text*)
 .text.__cvt    0x08000ba8       0xca /home/maniya/stm32cubeclt_1.18.0/GNU-tools-for-STM32/bin/../lib/gcc/arm-none-eabi/13.3.1/../../../../arm-none-eabi/lib/thumb/v7e-m+fp/hard/libc_nano.a(libc_a-nano-vfprintf_float.o)
                0x08000ba8                __cvt
 .text.__exponent
                0x08000c72       0x74 /home/maniya/stm32cubeclt_1.18.0/GNU-tools-for-STM32/bin/../lib/gcc/arm-none-eabi/13.3.1/../../../../arm-none-eabi/lib/thumb/v7e-m+fp/hard/libc_nano.a(libc_a-nano-vfprintf_float.o)
                0x08000c72                __exponent
 *fill*         0x08000ce6        0x2 
 .text._printf_float
                0x08000ce8      0x454 /home/maniya/stm32cubeclt_1.18.0/GNU-tools-for-STM32/bin/../lib/gcc/arm-none-eabi/13.3.1/../../../../arm-none-eabi/lib/thumb/v7e-m+fp/hard/libc_nano.a(libc_a-nano-vfprintf_float.o)
                0x08000ce8                _printf_float
 .text._printf_common
                0x0800113c       0xda /home/maniya/stm32cubeclt_1.18.0/GNU-tools-for-STM32/bin/../lib/gcc/arm-none-eabi/13.3.1/../../../../arm-none-eabi/lib/thumb/v7e-m+fp/hard/libc_nano.a(libc_a-nano-vfprintf_i.o)
                0x0800113c                _printf_common
 *fill*         0x08001216        0x2 
 .text._printf_i
                0x08001218      0x23c /home/maniya/stm32cubeclt_1.18.0/GNU-tools-for-STM32/bin/../lib/gcc/arm-none-eabi/13.3.1/../../../../arm-none-eabi/lib/thumb/v7e-m+fp/hard/libc_nano.a(libc_a-nano-vfprintf_i.o)
                0x08001218                _printf_i
 .text.std      0x08001454       0x6c /home/maniya/stm32cubeclt_1.18.0/GNU-tools-for-STM32/bin/../lib/gcc/arm-none-eabi/13.3.1/../../../../arm-none-eabi/lib/thumb/v7e-m+fp/hard/libc_nano.a(libc_a-findfp.o)
 .text.stdio_exit_handler
                0x080014c0       0x18 /home/maniya/stm32cubeclt_1.18.0/GNU-tools-for-STM32/bin/../lib/gcc/arm-none-eabi/13.3.1/../../../../arm-none-eabi/lib/thumb/v7e-m+fp/hard/libc_nano.a(libc_a-findfp.o)
 .text.cleanup_stdio
                0x080014d8       0x40 /home/maniya/stm32cubeclt_1.18.0/GNU-tools-for-STM32/bin/../lib/gcc/arm-none-eabi/13.3.1/../../../../arm-none-eabi/lib/thumb/v7e-m+fp/hard/libc_nano.a(libc_a-findfp.o)
 .text.global_stdio_init.part.0
                0x08001518       0x3c /home/maniya/stm32cubeclt_1.18.0/GNU-tools-for-STM32/bin/../lib/gcc/arm-none-eabi/13.3.1/../../../../arm-none-eabi/lib/thumb/v7e-m+fp/hard/libc_nano.a(libc_a-findfp.o)
 .text.__sfp_lock_acquire
                0x08001554        0xc /home/maniya/stm32cubeclt_1.18.0/GNU-tools-for-STM32/bin/../lib/gcc/arm-none-eabi/13.3.1/../../../../arm-none-eabi/lib/thumb/v7e-m+fp/hard/libc_nano.a(libc_a-findfp.o)
                0x08001554                __sfp_lock_acquire
 .text.__sfp_lock_release
                0x08001560        0xc /home/maniya/stm32cubeclt_1.18.0/GNU-tools-for-STM32/bin/../lib/gcc/arm-none-eabi/13.3.1/../../../../arm-none-eabi/lib/thumb/v7e-m+fp/hard/libc_nano.a(libc_a-findfp.o)
                0x08001560                __sfp_lock_release
 .text.__sinit  0x0800156c       0x30 /home/maniya/stm32cubeclt_1.18.0/GNU-tools-for-STM32/bin/../lib/gcc/arm-none-eabi/13.3.1/../../../../arm-none-eabi/lib/thumb/v7e-m+fp/hard/libc_nano.a(libc_a-findfp.o)
                0x0800156c                __sinit
 .text._fwalk_sglue
                0x0800159c       0x3c /home/maniya/stm32cubeclt_1.18.0/GNU-tools-for-STM32/bin/../lib/gcc/arm-none-eabi/13.3.1/../../../../arm-none-eabi/lib/thumb/v7e-m+fp/hard/libc_nano.a(libc_a-fwalk.o)
                0x0800159c                _fwalk_sglue
 .text.__sread  0x080015d8       0x22 /home/maniya/stm32cubeclt_1.18.0/GNU-tools-for-STM32/bin/../lib/gcc/arm-none-eabi/13.3.1/../../../../arm-none-eabi/lib/thumb/v7e-m+fp/hard/libc_nano.a(libc_a-stdio.o)
                0x080015d8                __sread
 .text.__swrite
                0x080015fa       0x38 /home/maniya/stm32cubeclt_1.18.0/GNU-tools-for-STM32/bin/../lib/gcc/arm-none-eabi/13.3.1/../../../../arm-none-eabi/lib/thumb/v7e-m+fp/hard/libc_nano.a(libc_a-stdio.o)
                0x080015fa                __swrite
 .text.__sseek  0x08001632       0x24 /home/maniya/stm32cubeclt_1.18.0/GNU-tools-for-STM32/bin/../lib/gcc/arm-none-eabi/13.3.1/../../../../arm-none-eabi/lib/thumb/v7e-m+fp/hard/libc_nano.a(libc_a-stdio.o)
                0x08001632                __sseek
 .text.__sclose
                0x08001656        0x8 /home/maniya/stm32cubeclt_1.18.0/GNU-tools-for-STM32/bin/../lib/gcc/arm-none-eabi/13.3.1/../../../../arm-none-eabi/lib/thumb/v7e-m+fp/hard/libc_nano.a(libc_a-stdio.o)
                0x08001656                __sclose
 .text.memset   0x0800165e       0x10 /home/maniya/stm32cubeclt_1.18.0/GNU-tools-for-STM32/bin/../lib/gcc/arm-none-eabi/13.3.1/../../../../arm-none-eabi/lib/thumb/v7e-m+fp/hard/libc_nano.a(libc_a-memset.o)
                0x0800165e                memset
 *fill*         0x0800166e        0x2 
 .text._localeconv_r
                0x08001670        0x8 /home/maniya/stm32cubeclt_1.18.0/GNU-tools-for-STM32/bin/../lib/gcc/arm-none-eabi/13.3.1/../../../../arm-none-eabi/lib/thumb/v7e-m+fp/hard/libc_nano.a(libc_a-localeconv.o)
                0x08001670                _localeconv_r
 .text._close_r
                0x08001678       0x20 /home/maniya/stm32cubeclt_1.18.0/GNU-tools-for-STM32/bin/../lib/gcc/arm-none-eabi/13.3.1/../../../../arm-none-eabi/lib/thumb/v7e-m+fp/hard/libc_nano.a(libc_a-closer.o)
                0x08001678                _close_r
 .text._lseek_r
                0x08001698       0x24 /home/maniya/stm32cubeclt_1.18.0/GNU-tools-for-STM32/bin/../lib/gcc/arm-none-eabi/13.3.1/../../../../arm-none-eabi/lib/thumb/v7e-m+fp/hard/libc_nano.a(libc_a-lseekr.o)
                0x08001698                _lseek_r
 .text._read_r  0x080016bc       0x24 /home/maniya/stm32cubeclt_1.18.0/GNU-tools-for-STM32/bin/../lib/gcc/arm-none-eabi/13.3.1/../../../../arm-none-eabi/lib/thumb/v7e-m+fp/hard/libc_nano.a(libc_a-readr.o)
                0x080016bc                _read_r
 .text._write_r
                0x080016e0       0x24 /home/maniya/stm32cubeclt_1.18.0/GNU-tools-for-STM32/bin/../lib/gcc/arm-none-eabi/13.3.1/../../../../arm-none-eabi/lib/thumb/v7e-m+fp/hard/libc_nano.a(libc_a-writer.o)
                0x080016e0                _write_r
 .text.__libc_init_array
                0x08001704       0x48 /home/maniya/stm32cubeclt_1.18.0/GNU-tools-for-STM32/bin/../lib/gcc/arm-none-eabi/13.3.1/../../../../arm-none-eabi/lib/thumb/v7e-m+fp/hard/libc_nano.a(libc_a-init.o)
                0x08001704                __libc_init_array
 .text.__retarget_lock_init_recursive
                0x0800174c        0x2 /home/maniya/stm32cubeclt_1.18.0/GNU-tools-for-STM32/bin/../lib/gcc/arm-none-eabi/13.3.1/../../../../arm-none-eabi/lib/thumb/v7e-m+fp/hard/libc_nano.a(libc_a-lock.o)
                0x0800174c                __retarget_lock_init_recursive
 .text.__retarget_lock_acquire_recursive
                0x0800174e        0x2 /home/maniya/stm32cubeclt_1.18.0/GNU-tools-for-STM32/bin/../lib/gcc/arm-none-eabi/13.3.1/../../../../arm-none-eabi/lib/thumb/v7e-m+fp/hard/libc_nano.a(libc_a-lock.o)
                0x0800174e                __retarget_lock_acquire_recursive
 .text.__retarget_lock_release_recursive
                0x08001750        0x2 /home/maniya/stm32cubeclt_1.18.0/GNU-tools-for-STM32/bin/../lib/gcc/arm-none-eabi/13.3.1/../../../../arm-none-eabi/lib/thumb/v7e-m+fp/hard/libc_nano.a(libc_a-lock.o)
                0x08001750                __retarget_lock_release_recursive
 .text.quorem   0x08001752      0x110 /home/maniya/stm32cubeclt_1.18.0/GNU-tools-for-STM32/bin/../lib/gcc/arm-none-eabi/13.3.1/../../../../arm-none-eabi/lib/thumb/v7e-m+fp/hard/libc_nano.a(libc_a-dtoa.o)
 *fill*         0x08001862        0x6 
 .text._dtoa_r  0x08001868      0xba0 /home/maniya/stm32cubeclt_1.18.0/GNU-tools-for-STM32/bin/../lib/gcc/arm-none-eabi/13.3.1/../../../../arm-none-eabi/lib/thumb/v7e-m+fp/hard/libc_nano.a(libc_a-dtoa.o)
                0x08001868                _dtoa_r
 .text._free_r  0x08002408       0x94 /home/maniya/stm32cubeclt_1.18.0/GNU-tools-for-STM32/bin/../lib/gcc/arm-none-eabi/13.3.1/../../../../arm-none-eabi/lib/thumb/v7e-m+fp/hard/libc_nano.a(libc_a-freer.o)
                0x08002408                _free_r
 .text.malloc   0x0800249c       0x10 /home/maniya/stm32cubeclt_1.18.0/GNU-tools-for-STM32/bin/../lib/gcc/arm-none-eabi/13.3.1/../../../../arm-none-eabi/lib/thumb/v7e-m+fp/hard/libc_nano.a(libc_a-malloc.o)
                0x0800249c                malloc
 .text.sbrk_aligned
                0x080024ac       0x44 /home/maniya/stm32cubeclt_1.18.0/GNU-tools-for-STM32/bin/../lib/gcc/arm-none-eabi/13.3.1/../../../../arm-none-eabi/lib/thumb/v7e-m+fp/hard/libc_nano.a(libc_a-mallocr.o)
 .text._malloc_r
                0x080024f0      0x100 /home/maniya/stm32cubeclt_1.18.0/GNU-tools-for-STM32/bin/../lib/gcc/arm-none-eabi/13.3.1/../../../../arm-none-eabi/lib/thumb/v7e-m+fp/hard/libc_nano.a(libc_a-mallocr.o)
                0x080024f0                _malloc_r
 .text.__malloc_lock
                0x080025f0        0xc /home/maniya/stm32cubeclt_1.18.0/GNU-tools-for-STM32/bin/../lib/gcc/arm-none-eabi/13.3.1/../../../../arm-none-eabi/lib/thumb/v7e-m+fp/hard/libc_nano.a(libc_a-mlock.o)
                0x080025f0                __malloc_lock
 .text.__malloc_unlock
                0x080025fc        0xc /home/maniya/stm32cubeclt_1.18.0/GNU-tools-for-STM32/bin/../lib/gcc/arm-none-eabi/13.3.1/../../../../arm-none-eabi/lib/thumb/v7e-m+fp/hard/libc_nano.a(libc_a-mlock.o)
                0x080025fc                __malloc_unlock
 .text._Balloc  0x08002608       0x80 /home/maniya/stm32cubeclt_1.18.0/GNU-tools-for-STM32/bin/../lib/gcc/arm-none-eabi/13.3.1/../../../../arm-none-eabi/lib/thumb/v7e-m+fp/hard/libc_nano.a(libc_a-mprec.o)
                0x08002608                _Balloc
 .text._Bfree   0x08002688       0x44 /home/maniya/stm32cubeclt_1.18.0/GNU-tools-for-STM32/bin/../lib/gcc/arm-none-eabi/13.3.1/../../../../arm-none-eabi/lib/thumb/v7e-m+fp/hard/libc_nano.a(libc_a-mprec.o)
                0x08002688                _Bfree
 .text.__multadd
                0x080026cc       0x8c /home/maniya/stm32cubeclt_1.18.0/GNU-tools-for-STM32/bin/../lib/gcc/arm-none-eabi/13.3.1/../../../../arm-none-eabi/lib/thumb/v7e-m+fp/hard/libc_nano.a(libc_a-mprec.o)
                0x080026cc                __multadd
 .text.__hi0bits
                0x08002758       0x3e /home/maniya/stm32cubeclt_1.18.0/GNU-tools-for-STM32/bin/../lib/gcc/arm-none-eabi/13.3.1/../../../../arm-none-eabi/lib/thumb/v7e-m+fp/hard/libc_nano.a(libc_a-mprec.o)
                0x08002758                __hi0bits
 .text.__lo0bits
                0x08002796       0x5a /home/maniya/stm32cubeclt_1.18.0/GNU-tools-for-STM32/bin/../lib/gcc/arm-none-eabi/13.3.1/../../../../arm-none-eabi/lib/thumb/v7e-m+fp/hard/libc_nano.a(libc_a-mprec.o)
                0x08002796                __lo0bits
 .text.__i2b    0x080027f0       0x2c /home/maniya/stm32cubeclt_1.18.0/GNU-tools-for-STM32/bin/../lib/gcc/arm-none-eabi/13.3.1/../../../../arm-none-eabi/lib/thumb/v7e-m+fp/hard/libc_nano.a(libc_a-mprec.o)
                0x080027f0                __i2b
 .text.__multiply
                0x0800281c      0x144 /home/maniya/stm32cubeclt_1.18.0/GNU-tools-for-STM32/bin/../lib/gcc/arm-none-eabi/13.3.1/../../../../arm-none-eabi/lib/thumb/v7e-m+fp/hard/libc_nano.a(libc_a-mprec.o)
                0x0800281c                __multiply
 .text.__pow5mult
                0x08002960       0xb4 /home/maniya/stm32cubeclt_1.18.0/GNU-tools-for-STM32/bin/../lib/gcc/arm-none-eabi/13.3.1/../../../../arm-none-eabi/lib/thumb/v7e-m+fp/hard/libc_nano.a(libc_a-mprec.o)
                0x08002960                __pow5mult
 .text.__lshift
                0x08002a14       0xd8 /home/maniya/stm32cubeclt_1.18.0/GNU-tools-for-STM32/bin/../lib/gcc/arm-none-eabi/13.3.1/../../../../arm-none-eabi/lib/thumb/v7e-m+fp/hard/libc_nano.a(libc_a-mprec.o)
                0x08002a14                __lshift
 .text.__mcmp   0x08002aec       0x36 /home/maniya/stm32cubeclt_1.18.0/GNU-tools-for-STM32/bin/../lib/gcc/arm-none-eabi/13.3.1/../../../../arm-none-eabi/lib/thumb/v7e-m+fp/hard/libc_nano.a(libc_a-mprec.o)
                0x08002aec                __mcmp
 *fill*         0x08002b22        0x2 
 .text.__mdiff  0x08002b24      0x128 /home/maniya/stm32cubeclt_1.18.0/GNU-tools-for-STM32/bin/../lib/gcc/arm-none-eabi/13.3.1/../../../../arm-none-eabi/lib/thumb/v7e-m+fp/hard/libc_nano.a(libc_a-mprec.o)
                0x08002b24                __mdiff
 .text.__d2b    0x08002c4c       0xb0 /home/maniya/stm32cubeclt_1.18.0/GNU-tools-for-STM32/bin/../lib/gcc/arm-none-eabi/13.3.1/../../../../arm-none-eabi/lib/thumb/v7e-m+fp/hard/libc_nano.a(libc_a-mprec.o)
                0x08002c4c                __d2b
 .text.__sflush_r
                0x08002cfc      0x108 /home/maniya/stm32cubeclt_1.18.0/GNU-tools-for-STM32/bin/../lib/gcc/arm-none-eabi/13.3.1/../../../../arm-none-eabi/lib/thumb/v7e-m+fp/hard/libc_nano.a(libc_a-fflush.o)
                0x08002cfc                __sflush_r
 .text._fflush_r
                0x08002e04       0x50 /home/maniya/stm32cubeclt_1.18.0/GNU-tools-for-STM32/bin/../lib/gcc/arm-none-eabi/13.3.1/../../../../arm-none-eabi/lib/thumb/v7e-m+fp/hard/libc_nano.a(libc_a-fflush.o)
                0x08002e04                _fflush_r
 .text._sbrk_r  0x08002e54       0x20 /home/maniya/stm32cubeclt_1.18.0/GNU-tools-for-STM32/bin/../lib/gcc/arm-none-eabi/13.3.1/../../../../arm-none-eabi/lib/thumb/v7e-m+fp/hard/libc_nano.a(libc_a-sbrkr.o)
                0x08002e54                _sbrk_r
 .text.memcpy   0x08002e74       0x1c /home/maniya/stm32cubeclt_1.18.0/GNU-tools-for-STM32/bin/../lib/gcc/arm-none-eabi/13.3.1/../../../../arm-none-eabi/lib/thumb/v7e-m+fp/hard/libc_nano.a(libc_a-memcpy-stub.o)
                0x08002e74                memcpy
 .text.__assert_func
                0x08002e90       0x3c /home/maniya/stm32cubeclt_1.18.0/GNU-tools-for-STM32/bin/../lib/gcc/arm-none-eabi/13.3.1/../../../../arm-none-eabi/lib/thumb/v7e-m+fp/hard/libc_nano.a(libc_a-assert.o)
                0x08002e90                __assert_func
 .text._calloc_r
                0x08002ecc       0x28 /home/maniya/stm32cubeclt_1.18.0/GNU-tools-for-STM32/bin/../lib/gcc/arm-none-eabi/13.3.1/../../../../arm-none-eabi/lib/thumb/v7e-m+fp/hard/libc_nano.a(libc_a-callocr.o)
                0x08002ecc                _calloc_r
 .text.__ascii_mbtowc
                0x08002ef4       0x24 /home/maniya/stm32cubeclt_1.18.0/GNU-tools-for-STM32/bin/../lib/gcc/arm-none-eabi/13.3.1/../../../../arm-none-eabi/lib/thumb/v7e-m+fp/hard/libc_nano.a(libc_a-mbtowc_r.o)
                0x08002ef4                __ascii_mbtowc
 .text.__ascii_wctomb
                0x08002f18       0x1a /home/maniya/stm32cubeclt_1.18.0/GNU-tools-for-STM32/bin/../lib/gcc/arm-none-eabi/13.3.1/../../../../arm-none-eabi/lib/thumb/v7e-m+fp/hard/libc_nano.a(libc_a-wctomb_r.o)
                0x08002f18                __ascii_wctomb
 *fill*         0x08002f32        0x2 
 .text.fprintf  0x08002f34       0x24 /home/maniya/stm32cubeclt_1.18.0/GNU-tools-for-STM32/bin/../lib/gcc/arm-none-eabi/13.3.1/../../../../arm-none-eabi/lib/thumb/v7e-m+fp/hard/libc_nano.a(libc_a-fprintf.o)
                0x08002f34                fprintf
                0x08002f34                fiprintf
 .text.abort    0x08002f58        0xe /home/maniya/stm32cubeclt_1.18.0/GNU-tools-for-STM32/bin/../lib/gcc/arm-none-eabi/13.3.1/../../../../arm-none-eabi/lib/thumb/v7e-m+fp/hard/libc_nano.a(libc_a-abort.o)
                0x08002f58                abort
 .text.__sfputc_r
                0x08002f66       0x2e /home/maniya/stm32cubeclt_1.18.0/GNU-tools-for-STM32/bin/../lib/gcc/arm-none-eabi/13.3.1/../../../../arm-none-eabi/lib/thumb/v7e-m+fp/hard/libc_nano.a(libc_a-nano-vfprintf.o)
 .text.__sfputs_r
                0x08002f94       0x24 /home/maniya/stm32cubeclt_1.18.0/GNU-tools-for-STM32/bin/../lib/gcc/arm-none-eabi/13.3.1/../../../../arm-none-eabi/lib/thumb/v7e-m+fp/hard/libc_nano.a(libc_a-nano-vfprintf.o)
                0x08002f94                __sfputs_r
 .text._vfprintf_r
                0x08002fb8      0x230 /home/maniya/stm32cubeclt_1.18.0/GNU-tools-for-STM32/bin/../lib/gcc/arm-none-eabi/13.3.1/../../../../arm-none-eabi/lib/thumb/v7e-m+fp/hard/libc_nano.a(libc_a-nano-vfprintf.o)
                0x08002fb8                _vfiprintf_r
                0x08002fb8                _vfprintf_r
 .text.__swbuf_r
                0x080031e8       0x7c /home/maniya/stm32cubeclt_1.18.0/GNU-tools-for-STM32/bin/../lib/gcc/arm-none-eabi/13.3.1/../../../../arm-none-eabi/lib/thumb/v7e-m+fp/hard/libc_nano.a(libc_a-wbuf.o)
                0x080031e8                __swbuf_r
 .text.__swsetup_r
                0x08003264       0xac /home/maniya/stm32cubeclt_1.18.0/GNU-tools-for-STM32/bin/../lib/gcc/arm-none-eabi/13.3.1/../../../../arm-none-eabi/lib/thumb/v7e-m+fp/hard/libc_nano.a(libc_a-wsetup.o)
                0x08003264                __swsetup_r
 .text.memmove  0x08003310       0x34 /home/maniya/stm32cubeclt_1.18.0/GNU-tools-for-STM32/bin/../lib/gcc/arm-none-eabi/13.3.1/../../../../arm-none-eabi/lib/thumb/v7e-m+fp/hard/libc_nano.a(libc_a-memmove.o)
                0x08003310                memmove
 .text._raise_r
                0x08003344       0x50 /home/maniya/stm32cubeclt_1.18.0/GNU-tools-for-STM32/bin/../lib/gcc/arm-none-eabi/13.3.1/../../../../arm-none-eabi/lib/thumb/v7e-m+fp/hard/libc_nano.a(libc_a-signal.o)
                0x08003344                _raise_r
 .text.raise    0x08003394       0x10 /home/maniya/stm32cubeclt_1.18.0/GNU-tools-for-STM32/bin/../lib/gcc/arm-none-eabi/13.3.1/../../../../arm-none-eabi/lib/thumb/v7e-m+fp/hard/libc_nano.a(libc_a-signal.o)
                0x08003394                raise
 .text._kill_r  0x080033a4       0x24 /home/maniya/stm32cubeclt_1.18.0/GNU-tools-for-STM32/bin/../lib/gcc/arm-none-eabi/13.3.1/../../../../arm-none-eabi/lib/thumb/v7e-m+fp/hard/libc_nano.a(libc_a-signalr.o)
                0x080033a4                _kill_r
 .text._getpid_r
                0x080033c8        0x4 /home/maniya/stm32cubeclt_1.18.0/GNU-tools-for-STM32/bin/../lib/gcc/arm-none-eabi/13.3.1/../../../../arm-none-eabi/lib/thumb/v7e-m+fp/hard/libc_nano.a(libc_a-signalr.o)
                0x080033c8                _getpid_r
 .text._realloc_r
                0x080033cc       0x5c /home/maniya/stm32cubeclt_1.18.0/GNU-tools-for-STM32/bin/../lib/gcc/arm-none-eabi/13.3.1/../../../../arm-none-eabi/lib/thumb/v7e-m+fp/hard/libc_nano.a(libc_a-reallocr.o)
                0x080033cc                _realloc_r
 .text.__swhatbuf_r
                0x08003428       0x4c /home/maniya/stm32cubeclt_1.18.0/GNU-tools-for-STM32/bin/../lib/gcc/arm-none-eabi/13.3.1/../../../../arm-none-eabi/lib/thumb/v7e-m+fp/hard/libc_nano.a(libc_a-makebuf.o)
                0x08003428                __swhatbuf_r
 .text.__smakebuf_r
                0x08003474       0x78 /home/maniya/stm32cubeclt_1.18.0/GNU-tools-for-STM32/bin/../lib/gcc/arm-none-eabi/13.3.1/../../../../arm-none-eabi/lib/thumb/v7e-m+fp/hard/libc_nano.a(libc_a-makebuf.o)
                0x08003474                __smakebuf_r
 .text._fstat_r
                0x080034ec       0x24 /home/maniya/stm32cubeclt_1.18.0/GNU-tools-for-STM32/bin/../lib/gcc/arm-none-eabi/13.3.1/../../../../arm-none-eabi/lib/thumb/v7e-m+fp/hard/libc_nano.a(libc_a-fstatr.o)
                0x080034ec                _fstat_r
 .text._isatty_r
                0x08003510       0x20 /home/maniya/stm32cubeclt_1.18.0/GNU-tools-for-STM32/bin/../lib/gcc/arm-none-eabi/13.3.1/../../../../arm-none-eabi/lib/thumb/v7e-m+fp/hard/libc_nano.a(libc_a-isattyr.o)
                0x08003510                _isatty_r
 .text._malloc_usable_size_r
                0x08003530       0x10 /home/maniya/stm32cubeclt_1.18.0/GNU-tools-for-STM32/bin/../lib/gcc/arm-none-eabi/13.3.1/../../../../arm-none-eabi/lib/thumb/v7e-m+fp/hard/libc_nano.a(libc_a-msizer.o)
                0x08003530                _malloc_usable_size_r
 .text.SystemInit
                0x08003540       0x24 cmake/stm32cubemx/CMakeFiles/STM32_Drivers.dir/__/__/Core/Src/system_stm32f3xx.c.obj
                0x08003540                SystemInit
 .text.USB_EnableGlobalInt
                0x08003564       0x2e cmake/stm32cubemx/CMakeFiles/STM32_Drivers.dir/__/__/Drivers/STM32F3xx_HAL_Driver/Src/stm32f3xx_ll_usb.c.obj
                0x08003564                USB_EnableGlobalInt
 .text.USB_DisableGlobalInt
                0x08003592       0x36 cmake/stm32cubemx/CMakeFiles/STM32_Drivers.dir/__/__/Drivers/STM32F3xx_HAL_Driver/Src/stm32f3xx_ll_usb.c.obj
                0x08003592                USB_DisableGlobalInt
 .text.USB_DevInit
                0x080035c8       0x3c cmake/stm32cubemx/CMakeFiles/STM32_Drivers.dir/__/__/Drivers/STM32F3xx_HAL_Driver/Src/stm32f3xx_ll_usb.c.obj
                0x080035c8                USB_DevInit
 .text.USB_ActivateEndpoint
                0x08003604      0x788 cmake/stm32cubemx/CMakeFiles/STM32_Drivers.dir/__/__/Drivers/STM32F3xx_HAL_Driver/Src/stm32f3xx_ll_usb.c.obj
                0x08003604                USB_ActivateEndpoint
 .text.USB_DeactivateEndpoint
                0x08003d8c      0x3da cmake/stm32cubemx/CMakeFiles/STM32_Drivers.dir/__/__/Drivers/STM32F3xx_HAL_Driver/Src/stm32f3xx_ll_usb.c.obj
                0x08003d8c                USB_DeactivateEndpoint
 .text.USB_EPStartXfer
                0x08004166     0x1764 cmake/stm32cubemx/CMakeFiles/STM32_Drivers.dir/__/__/Drivers/STM32F3xx_HAL_Driver/Src/stm32f3xx_ll_usb.c.obj
                0x08004166                USB_EPStartXfer
 .text.USB_EPSetStall
                0x080058ca       0xa2 cmake/stm32cubemx/CMakeFiles/STM32_Drivers.dir/__/__/Drivers/STM32F3xx_HAL_Driver/Src/stm32f3xx_ll_usb.c.obj
                0x080058ca                USB_EPSetStall
 .text.USB_EPClearStall
                0x0800596c      0x15c cmake/stm32cubemx/CMakeFiles/STM32_Drivers.dir/__/__/Drivers/STM32F3xx_HAL_Driver/Src/stm32f3xx_ll_usb.c.obj
                0x0800596c                USB_EPClearStall
 .text.USB_SetDevAddress
                0x08005ac8       0x28 cmake/stm32cubemx/CMakeFiles/STM32_Drivers.dir/__/__/Drivers/STM32F3xx_HAL_Driver/Src/stm32f3xx_ll_usb.c.obj
                0x08005ac8                USB_SetDevAddress
 .text.USB_DevConnect
                0x08005af0       0x16 cmake/stm32cubemx/CMakeFiles/STM32_Drivers.dir/__/__/Drivers/STM32F3xx_HAL_Driver/Src/stm32f3xx_ll_usb.c.obj
                0x08005af0                USB_DevConnect
 .text.USB_ReadInterrupts
                0x08005b06       0x20 cmake/stm32cubemx/CMakeFiles/STM32_Drivers.dir/__/__/Drivers/STM32F3xx_HAL_Driver/Src/stm32f3xx_ll_usb.c.obj
                0x08005b06                USB_ReadInterrupts
 .text.USB_WritePMA
                0x08005b26       0x8e cmake/stm32cubemx/CMakeFiles/STM32_Drivers.dir/__/__/Drivers/STM32F3xx_HAL_Driver/Src/stm32f3xx_ll_usb.c.obj
                0x08005b26                USB_WritePMA
 .text.USB_ReadPMA
                0x08005bb4       0xa0 cmake/stm32cubemx/CMakeFiles/STM32_Drivers.dir/__/__/Drivers/STM32F3xx_HAL_Driver/Src/stm32f3xx_ll_usb.c.obj
                0x08005bb4                USB_ReadPMA
 .text.HAL_PCD_Init
                0x08005c54      0x18e cmake/stm32cubemx/CMakeFiles/STM32_Drivers.dir/__/__/Drivers/STM32F3xx_HAL_Driver/Src/stm32f3xx_hal_pcd.c.obj
                0x08005c54                HAL_PCD_Init
 .text.HAL_PCD_Start
                0x08005de2       0x4c cmake/stm32cubemx/CMakeFiles/STM32_Drivers.dir/__/__/Drivers/STM32F3xx_HAL_Driver/Src/stm32f3xx_hal_pcd.c.obj
                0x08005de2                HAL_PCD_Start
 .text.HAL_PCD_IRQHandler
                0x08005e2e      0x1a8 cmake/stm32cubemx/CMakeFiles/STM32_Drivers.dir/__/__/Drivers/STM32F3xx_HAL_Driver/Src/stm32f3xx_hal_pcd.c.obj
                0x08005e2e                HAL_PCD_IRQHandler
 .text.HAL_PCD_SetAddress
                0x08005fd6       0x48 cmake/stm32cubemx/CMakeFiles/STM32_Drivers.dir/__/__/Drivers/STM32F3xx_HAL_Driver/Src/stm32f3xx_hal_pcd.c.obj
                0x08005fd6                HAL_PCD_SetAddress
 .text.HAL_PCD_EP_Open
                0x0800601e       0xba cmake/stm32cubemx/CMakeFiles/STM32_Drivers.dir/__/__/Drivers/STM32F3xx_HAL_Driver/Src/stm32f3xx_hal_pcd.c.obj
                0x0800601e                HAL_PCD_EP_Open
 .text.HAL_PCD_EP_Close
                0x080060d8       0x90 cmake/stm32cubemx/CMakeFiles/STM32_Drivers.dir/__/__/Drivers/STM32F3xx_HAL_Driver/Src/stm32f3xx_hal_pcd.c.obj
                0x080060d8                HAL_PCD_EP_Close
 .text.HAL_PCD_EP_Receive
                0x08006168       0x62 cmake/stm32cubemx/CMakeFiles/STM32_Drivers.dir/__/__/Drivers/STM32F3xx_HAL_Driver/Src/stm32f3xx_hal_pcd.c.obj
                0x08006168                HAL_PCD_EP_Receive
 .text.HAL_PCD_EP_GetRxCount
                0x080061ca       0x30 cmake/stm32cubemx/CMakeFiles/STM32_Drivers.dir/__/__/Drivers/STM32F3xx_HAL_Driver/Src/stm32f3xx_hal_pcd.c.obj
                0x080061ca                HAL_PCD_EP_GetRxCount
 .text.HAL_PCD_EP_Transmit
                0x080061fa       0x6e cmake/stm32cubemx/CMakeFiles/STM32_Drivers.dir/__/__/Drivers/STM32F3xx_HAL_Driver/Src/stm32f3xx_hal_pcd.c.obj
                0x080061fa                HAL_PCD_EP_Transmit
 .text.HAL_PCD_EP_SetStall
                0x08006268       0xa4 cmake/stm32cubemx/CMakeFiles/STM32_Drivers.dir/__/__/Drivers/STM32F3xx_HAL_Driver/Src/stm32f3xx_hal_pcd.c.obj
                0x08006268                HAL_PCD_EP_SetStall
 .text.HAL_PCD_EP_ClrStall
                0x0800630c       0xa8 cmake/stm32cubemx/CMakeFiles/STM32_Drivers.dir/__/__/Drivers/STM32F3xx_HAL_Driver/Src/stm32f3xx_hal_pcd.c.obj
                0x0800630c                HAL_PCD_EP_ClrStall
 .text.PCD_EP_ISR_Handler
                0x080063b4      0x79e cmake/stm32cubemx/CMakeFiles/STM32_Drivers.dir/__/__/Drivers/STM32F3xx_HAL_Driver/Src/stm32f3xx_hal_pcd.c.obj
 .text.HAL_PCD_EP_DB_Receive
                0x08006b52      0x21a cmake/stm32cubemx/CMakeFiles/STM32_Drivers.dir/__/__/Drivers/STM32F3xx_HAL_Driver/Src/stm32f3xx_hal_pcd.c.obj
 .text.HAL_PCD_EP_DB_Transmit
                0x08006d6c      0x7f4 cmake/stm32cubemx/CMakeFiles/STM32_Drivers.dir/__/__/Drivers/STM32F3xx_HAL_Driver/Src/stm32f3xx_hal_pcd.c.obj
 .text.HAL_PCDEx_PMAConfig
                0x08007560       0x86 cmake/stm32cubemx/CMakeFiles/STM32_Drivers.dir/__/__/Drivers/STM32F3xx_HAL_Driver/Src/stm32f3xx_hal_pcd_ex.c.obj
                0x08007560                HAL_PCDEx_PMAConfig
 *fill*         0x080075e6        0x2 
 .text.HAL_Init
                0x080075e8       0x2c cmake/stm32cubemx/CMakeFiles/STM32_Drivers.dir/__/__/Drivers/STM32F3xx_HAL_Driver/Src/stm32f3xx_hal.c.obj
                0x080075e8                HAL_Init
 .text.HAL_InitTick
                0x08007614       0x60 cmake/stm32cubemx/CMakeFiles/STM32_Drivers.dir/__/__/Drivers/STM32F3xx_HAL_Driver/Src/stm32f3xx_hal.c.obj
                0x08007614                HAL_InitTick
 .text.HAL_IncTick
                0x08007674       0x28 cmake/stm32cubemx/CMakeFiles/STM32_Drivers.dir/__/__/Drivers/STM32F3xx_HAL_Driver/Src/stm32f3xx_hal.c.obj
                0x08007674                HAL_IncTick
 .text.HAL_GetTick
                0x0800769c       0x18 cmake/stm32cubemx/CMakeFiles/STM32_Drivers.dir/__/__/Drivers/STM32F3xx_HAL_Driver/Src/stm32f3xx_hal.c.obj
                0x0800769c                HAL_GetTick
 .text.HAL_RCC_OscConfig
                0x080076b4     0x101c cmake/stm32cubemx/CMakeFiles/STM32_Drivers.dir/__/__/Drivers/STM32F3xx_HAL_Driver/Src/stm32f3xx_hal_rcc.c.obj
                0x080076b4                HAL_RCC_OscConfig
 .text.HAL_RCC_ClockConfig
                0x080086d0      0x2dc cmake/stm32cubemx/CMakeFiles/STM32_Drivers.dir/__/__/Drivers/STM32F3xx_HAL_Driver/Src/stm32f3xx_hal_rcc.c.obj
                0x080086d0                HAL_RCC_ClockConfig
 .text.HAL_RCC_GetSysClockFreq
                0x080089ac       0xa8 cmake/stm32cubemx/CMakeFiles/STM32_Drivers.dir/__/__/Drivers/STM32F3xx_HAL_Driver/Src/stm32f3xx_hal_rcc.c.obj
                0x080089ac                HAL_RCC_GetSysClockFreq
 .text.HAL_RCC_GetHCLKFreq
                0x08008a54       0x18 cmake/stm32cubemx/CMakeFiles/STM32_Drivers.dir/__/__/Drivers/STM32F3xx_HAL_Driver/Src/stm32f3xx_hal_rcc.c.obj
                0x08008a54                HAL_RCC_GetHCLKFreq
 .text.HAL_RCC_GetPCLK1Freq
                0x08008a6c       0x44 cmake/stm32cubemx/CMakeFiles/STM32_Drivers.dir/__/__/Drivers/STM32F3xx_HAL_Driver/Src/stm32f3xx_hal_rcc.c.obj
                0x08008a6c                HAL_RCC_GetPCLK1Freq
 .text.HAL_RCC_GetPCLK2Freq
                0x08008ab0       0x44 cmake/stm32cubemx/CMakeFiles/STM32_Drivers.dir/__/__/Drivers/STM32F3xx_HAL_Driver/Src/stm32f3xx_hal_rcc.c.obj
                0x08008ab0                HAL_RCC_GetPCLK2Freq
 .text.HAL_RCCEx_PeriphCLKConfig
                0x08008af4      0x35c cmake/stm32cubemx/CMakeFiles/STM32_Drivers.dir/__/__/Drivers/STM32F3xx_HAL_Driver/Src/stm32f3xx_hal_rcc_ex.c.obj
                0x08008af4                HAL_RCCEx_PeriphCLKConfig
 .text.HAL_GPIO_Init
                0x08008e50      0x2f4 cmake/stm32cubemx/CMakeFiles/STM32_Drivers.dir/__/__/Drivers/STM32F3xx_HAL_Driver/Src/stm32f3xx_hal_gpio.c.obj
                0x08008e50                HAL_GPIO_Init
 .text.HAL_GPIO_WritePin
                0x08009144       0x30 cmake/stm32cubemx/CMakeFiles/STM32_Drivers.dir/__/__/Drivers/STM32F3xx_HAL_Driver/Src/stm32f3xx_hal_gpio.c.obj
                0x08009144                HAL_GPIO_WritePin
 .text.__NVIC_SetPriorityGrouping
                0x08009174       0x48 cmake/stm32cubemx/CMakeFiles/STM32_Drivers.dir/__/__/Drivers/STM32F3xx_HAL_Driver/Src/stm32f3xx_hal_cortex.c.obj
 .text.__NVIC_GetPriorityGrouping
                0x080091bc       0x1c cmake/stm32cubemx/CMakeFiles/STM32_Drivers.dir/__/__/Drivers/STM32F3xx_HAL_Driver/Src/stm32f3xx_hal_cortex.c.obj
 .text.__NVIC_EnableIRQ
                0x080091d8       0x3c cmake/stm32cubemx/CMakeFiles/STM32_Drivers.dir/__/__/Drivers/STM32F3xx_HAL_Driver/Src/stm32f3xx_hal_cortex.c.obj
 .text.__NVIC_SetPriority
                0x08009214       0x54 cmake/stm32cubemx/CMakeFiles/STM32_Drivers.dir/__/__/Drivers/STM32F3xx_HAL_Driver/Src/stm32f3xx_hal_cortex.c.obj
 .text.NVIC_EncodePriority
                0x08009268       0x66 cmake/stm32cubemx/CMakeFiles/STM32_Drivers.dir/__/__/Drivers/STM32F3xx_HAL_Driver/Src/stm32f3xx_hal_cortex.c.obj
 *fill*         0x080092ce        0x2 
 .text.SysTick_Config
                0x080092d0       0x44 cmake/stm32cubemx/CMakeFiles/STM32_Drivers.dir/__/__/Drivers/STM32F3xx_HAL_Driver/Src/stm32f3xx_hal_cortex.c.obj
 .text.HAL_NVIC_SetPriorityGrouping
                0x08009314       0x16 cmake/stm32cubemx/CMakeFiles/STM32_Drivers.dir/__/__/Drivers/STM32F3xx_HAL_Driver/Src/stm32f3xx_hal_cortex.c.obj
                0x08009314                HAL_NVIC_SetPriorityGrouping
 .text.HAL_NVIC_SetPriority
                0x0800932a       0x38 cmake/stm32cubemx/CMakeFiles/STM32_Drivers.dir/__/__/Drivers/STM32F3xx_HAL_Driver/Src/stm32f3xx_hal_cortex.c.obj
                0x0800932a                HAL_NVIC_SetPriority
 .text.HAL_NVIC_EnableIRQ
                0x08009362       0x1c cmake/stm32cubemx/CMakeFiles/STM32_Drivers.dir/__/__/Drivers/STM32F3xx_HAL_Driver/Src/stm32f3xx_hal_cortex.c.obj
                0x08009362                HAL_NVIC_EnableIRQ
 .text.HAL_SYSTICK_Config
                0x0800937e       0x18 cmake/stm32cubemx/CMakeFiles/STM32_Drivers.dir/__/__/Drivers/STM32F3xx_HAL_Driver/Src/stm32f3xx_hal_cortex.c.obj
                0x0800937e                HAL_SYSTICK_Config
 .text.HAL_I2C_Init
                0x08009396      0x136 cmake/stm32cubemx/CMakeFiles/STM32_Drivers.dir/__/__/Drivers/STM32F3xx_HAL_Driver/Src/stm32f3xx_hal_i2c.c.obj
                0x08009396                HAL_I2C_Init
 .text.HAL_I2CEx_ConfigAnalogFilter
                0x080094cc       0x96 cmake/stm32cubemx/CMakeFiles/STM32_Drivers.dir/__/__/Drivers/STM32F3xx_HAL_Driver/Src/stm32f3xx_hal_i2c_ex.c.obj
                0x080094cc                HAL_I2CEx_ConfigAnalogFilter
 .text.HAL_I2CEx_ConfigDigitalFilter
                0x08009562       0x98 cmake/stm32cubemx/CMakeFiles/STM32_Drivers.dir/__/__/Drivers/STM32F3xx_HAL_Driver/Src/stm32f3xx_hal_i2c_ex.c.obj
                0x08009562                HAL_I2CEx_ConfigDigitalFilter
 .text.HAL_SPI_Init
                0x080095fa      0x156 cmake/stm32cubemx/CMakeFiles/STM32_Drivers.dir/__/__/Drivers/STM32F3xx_HAL_Driver/Src/stm32f3xx_hal_spi.c.obj
                0x080095fa                HAL_SPI_Init
 .text.HAL_TIM_IC_Init
                0x08009750       0xae cmake/stm32cubemx/CMakeFiles/STM32_Drivers.dir/__/__/Drivers/STM32F3xx_HAL_Driver/Src/stm32f3xx_hal_tim.c.obj
                0x08009750                HAL_TIM_IC_Init
 *fill*         0x080097fe        0x2 
 .text.HAL_TIM_IC_Start_IT
                0x08009800      0x284 cmake/stm32cubemx/CMakeFiles/STM32_Drivers.dir/__/__/Drivers/STM32F3xx_HAL_Driver/Src/stm32f3xx_hal_tim.c.obj
                0x08009800                HAL_TIM_IC_Start_IT
 .text.HAL_TIM_IRQHandler
                0x08009a84      0x204 cmake/stm32cubemx/CMakeFiles/STM32_Drivers.dir/__/__/Drivers/STM32F3xx_HAL_Driver/Src/stm32f3xx_hal_tim.c.obj
                0x08009a84                HAL_TIM_IRQHandler
 .text.HAL_TIM_IC_ConfigChannel
                0x08009c88      0x138 cmake/stm32cubemx/CMakeFiles/STM32_Drivers.dir/__/__/Drivers/STM32F3xx_HAL_Driver/Src/stm32f3xx_hal_tim.c.obj
                0x08009c88                HAL_TIM_IC_ConfigChannel
 .text.HAL_TIM_ReadCapturedValue
                0x08009dc0       0x88 cmake/stm32cubemx/CMakeFiles/STM32_Drivers.dir/__/__/Drivers/STM32F3xx_HAL_Driver/Src/stm32f3xx_hal_tim.c.obj
                0x08009dc0                HAL_TIM_ReadCapturedValue
 .text.HAL_TIM_PeriodElapsedCallback
                0x08009e48       0x14 cmake/stm32cubemx/CMakeFiles/STM32_Drivers.dir/__/__/Drivers/STM32F3xx_HAL_Driver/Src/stm32f3xx_hal_tim.c.obj
                0x08009e48                HAL_TIM_PeriodElapsedCallback
 .text.HAL_TIM_OC_DelayElapsedCallback
                0x08009e5c       0x14 cmake/stm32cubemx/CMakeFiles/STM32_Drivers.dir/__/__/Drivers/STM32F3xx_HAL_Driver/Src/stm32f3xx_hal_tim.c.obj
                0x08009e5c                HAL_TIM_OC_DelayElapsedCallback
 .text.HAL_TIM_PWM_PulseFinishedCallback
                0x08009e70       0x14 cmake/stm32cubemx/CMakeFiles/STM32_Drivers.dir/__/__/Drivers/STM32F3xx_HAL_Driver/Src/stm32f3xx_hal_tim.c.obj
                0x08009e70                HAL_TIM_PWM_PulseFinishedCallback
 .text.HAL_TIM_TriggerCallback
                0x08009e84       0x14 cmake/stm32cubemx/CMakeFiles/STM32_Drivers.dir/__/__/Drivers/STM32F3xx_HAL_Driver/Src/stm32f3xx_hal_tim.c.obj
                0x08009e84                HAL_TIM_TriggerCallback
 .text.TIM_Base_SetConfig
                0x08009e98      0x138 cmake/stm32cubemx/CMakeFiles/STM32_Drivers.dir/__/__/Drivers/STM32F3xx_HAL_Driver/Src/stm32f3xx_hal_tim.c.obj
                0x08009e98                TIM_Base_SetConfig
 .text.TIM_TI1_SetConfig
                0x08009fd0       0xd0 cmake/stm32cubemx/CMakeFiles/STM32_Drivers.dir/__/__/Drivers/STM32F3xx_HAL_Driver/Src/stm32f3xx_hal_tim.c.obj
                0x08009fd0                TIM_TI1_SetConfig
 .text.TIM_TI2_SetConfig
                0x0800a0a0       0x7a cmake/stm32cubemx/CMakeFiles/STM32_Drivers.dir/__/__/Drivers/STM32F3xx_HAL_Driver/Src/stm32f3xx_hal_tim.c.obj
 .text.TIM_TI3_SetConfig
                0x0800a11a       0x78 cmake/stm32cubemx/CMakeFiles/STM32_Drivers.dir/__/__/Drivers/STM32F3xx_HAL_Driver/Src/stm32f3xx_hal_tim.c.obj
 .text.TIM_TI4_SetConfig
                0x0800a192       0x7a cmake/stm32cubemx/CMakeFiles/STM32_Drivers.dir/__/__/Drivers/STM32F3xx_HAL_Driver/Src/stm32f3xx_hal_tim.c.obj
 .text.TIM_CCxChannelCmd
                0x0800a20c       0x4a cmake/stm32cubemx/CMakeFiles/STM32_Drivers.dir/__/__/Drivers/STM32F3xx_HAL_Driver/Src/stm32f3xx_hal_tim.c.obj
                0x0800a20c                TIM_CCxChannelCmd
 *fill*         0x0800a256        0x2 
 .text.HAL_TIMEx_MasterConfigSynchronization
                0x0800a258      0x100 cmake/stm32cubemx/CMakeFiles/STM32_Drivers.dir/__/__/Drivers/STM32F3xx_HAL_Driver/Src/stm32f3xx_hal_tim_ex.c.obj
                0x0800a258                HAL_TIMEx_MasterConfigSynchronization
 .text.HAL_TIMEx_CommutCallback
                0x0800a358       0x14 cmake/stm32cubemx/CMakeFiles/STM32_Drivers.dir/__/__/Drivers/STM32F3xx_HAL_Driver/Src/stm32f3xx_hal_tim_ex.c.obj
                0x0800a358                HAL_TIMEx_CommutCallback
 .text.HAL_TIMEx_BreakCallback
                0x0800a36c       0x14 cmake/stm32cubemx/CMakeFiles/STM32_Drivers.dir/__/__/Drivers/STM32F3xx_HAL_Driver/Src/stm32f3xx_hal_tim_ex.c.obj
                0x0800a36c                HAL_TIMEx_BreakCallback
 .text.HAL_TIMEx_Break2Callback
                0x0800a380       0x14 cmake/stm32cubemx/CMakeFiles/STM32_Drivers.dir/__/__/Drivers/STM32F3xx_HAL_Driver/Src/stm32f3xx_hal_tim_ex.c.obj
                0x0800a380                HAL_TIMEx_Break2Callback
 .text.HAL_UART_Init
                0x0800a394       0x9c cmake/stm32cubemx/CMakeFiles/STM32_Drivers.dir/__/__/Drivers/STM32F3xx_HAL_Driver/Src/stm32f3xx_hal_uart.c.obj
                0x0800a394                HAL_UART_Init
 .text.HAL_UART_Transmit
                0x0800a430      0x112 cmake/stm32cubemx/CMakeFiles/STM32_Drivers.dir/__/__/Drivers/STM32F3xx_HAL_Driver/Src/stm32f3xx_hal_uart.c.obj
                0x0800a430                HAL_UART_Transmit
 *fill*         0x0800a542        0x2 
 .text.UART_SetConfig
                0x0800a544      0x3a8 cmake/stm32cubemx/CMakeFiles/STM32_Drivers.dir/__/__/Drivers/STM32F3xx_HAL_Driver/Src/stm32f3xx_hal_uart.c.obj
                0x0800a544                UART_SetConfig
 .text.UART_AdvFeatureConfig
                0x0800a8ec      0x144 cmake/stm32cubemx/CMakeFiles/STM32_Drivers.dir/__/__/Drivers/STM32F3xx_HAL_Driver/Src/stm32f3xx_hal_uart.c.obj
                0x0800a8ec                UART_AdvFeatureConfig
 .text.UART_CheckIdleState
                0x0800aa30      0x150 cmake/stm32cubemx/CMakeFiles/STM32_Drivers.dir/__/__/Drivers/STM32F3xx_HAL_Driver/Src/stm32f3xx_hal_uart.c.obj
                0x0800aa30                UART_CheckIdleState
 .text.UART_WaitOnFlagUntilTimeout
                0x0800ab80       0xda cmake/stm32cubemx/CMakeFiles/STM32_Drivers.dir/__/__/Drivers/STM32F3xx_HAL_Driver/Src/stm32f3xx_hal_uart.c.obj
                0x0800ab80                UART_WaitOnFlagUntilTimeout
 .text.UART_EndRxTransfer
                0x0800ac5a       0xc8 cmake/stm32cubemx/CMakeFiles/STM32_Drivers.dir/__/__/Drivers/STM32F3xx_HAL_Driver/Src/stm32f3xx_hal_uart.c.obj
 .text.USBD_Init
                0x0800ad22       0x56 cmake/stm32cubemx/CMakeFiles/USB_Device_Library.dir/__/__/Middlewares/ST/STM32_USB_Device_Library/Core/Src/usbd_core.c.obj
                0x0800ad22                USBD_Init
 .text.USBD_RegisterClass
                0x0800ad78       0x34 cmake/stm32cubemx/CMakeFiles/USB_Device_Library.dir/__/__/Middlewares/ST/STM32_USB_Device_Library/Core/Src/usbd_core.c.obj
                0x0800ad78                USBD_RegisterClass
 .text.USBD_Start
                0x0800adac       0x18 cmake/stm32cubemx/CMakeFiles/USB_Device_Library.dir/__/__/Middlewares/ST/STM32_USB_Device_Library/Core/Src/usbd_core.c.obj
                0x0800adac                USBD_Start
 .text.USBD_RunTestMode
                0x0800adc4       0x16 cmake/stm32cubemx/CMakeFiles/USB_Device_Library.dir/__/__/Middlewares/ST/STM32_USB_Device_Library/Core/Src/usbd_core.c.obj
                0x0800adc4                USBD_RunTestMode
 .text.USBD_SetClassConfig
                0x0800adda       0x3e cmake/stm32cubemx/CMakeFiles/USB_Device_Library.dir/__/__/Middlewares/ST/STM32_USB_Device_Library/Core/Src/usbd_core.c.obj
                0x0800adda                USBD_SetClassConfig
 .text.USBD_ClrClassConfig
                0x0800ae18       0x26 cmake/stm32cubemx/CMakeFiles/USB_Device_Library.dir/__/__/Middlewares/ST/STM32_USB_Device_Library/Core/Src/usbd_core.c.obj
                0x0800ae18                USBD_ClrClassConfig
 .text.USBD_LL_SetupStage
                0x0800ae3e       0x9a cmake/stm32cubemx/CMakeFiles/USB_Device_Library.dir/__/__/Middlewares/ST/STM32_USB_Device_Library/Core/Src/usbd_core.c.obj
                0x0800ae3e                USBD_LL_SetupStage
 .text.USBD_LL_DataOutStage
                0x0800aed8       0xe2 cmake/stm32cubemx/CMakeFiles/USB_Device_Library.dir/__/__/Middlewares/ST/STM32_USB_Device_Library/Core/Src/usbd_core.c.obj
                0x0800aed8                USBD_LL_DataOutStage
 .text.USBD_LL_DataInStage
                0x0800afba      0x14a cmake/stm32cubemx/CMakeFiles/USB_Device_Library.dir/__/__/Middlewares/ST/STM32_USB_Device_Library/Core/Src/usbd_core.c.obj
                0x0800afba                USBD_LL_DataInStage
 .text.USBD_LL_Reset
                0x0800b104       0x82 cmake/stm32cubemx/CMakeFiles/USB_Device_Library.dir/__/__/Middlewares/ST/STM32_USB_Device_Library/Core/Src/usbd_core.c.obj
                0x0800b104                USBD_LL_Reset
 .text.USBD_LL_SetSpeed
                0x0800b186       0x20 cmake/stm32cubemx/CMakeFiles/USB_Device_Library.dir/__/__/Middlewares/ST/STM32_USB_Device_Library/Core/Src/usbd_core.c.obj
                0x0800b186                USBD_LL_SetSpeed
 .text.USBD_LL_Suspend
                0x0800b1a6       0x2a cmake/stm32cubemx/CMakeFiles/USB_Device_Library.dir/__/__/Middlewares/ST/STM32_USB_Device_Library/Core/Src/usbd_core.c.obj
                0x0800b1a6                USBD_LL_Suspend
 .text.USBD_LL_Resume
                0x0800b1d0       0x2c cmake/stm32cubemx/CMakeFiles/USB_Device_Library.dir/__/__/Middlewares/ST/STM32_USB_Device_Library/Core/Src/usbd_core.c.obj
                0x0800b1d0                USBD_LL_Resume
 .text.USBD_LL_SOF
                0x0800b1fc       0x34 cmake/stm32cubemx/CMakeFiles/USB_Device_Library.dir/__/__/Middlewares/ST/STM32_USB_Device_Library/Core/Src/usbd_core.c.obj
                0x0800b1fc                USBD_LL_SOF
 .text.USBD_StdDevReq
                0x0800b230       0xd4 cmake/stm32cubemx/CMakeFiles/USB_Device_Library.dir/__/__/Middlewares/ST/STM32_USB_Device_Library/Core/Src/usbd_ctlreq.c.obj
                0x0800b230                USBD_StdDevReq
 .text.USBD_StdItfReq
                0x0800b304       0x90 cmake/stm32cubemx/CMakeFiles/USB_Device_Library.dir/__/__/Middlewares/ST/STM32_USB_Device_Library/Core/Src/usbd_ctlreq.c.obj
                0x0800b304                USBD_StdItfReq
 .text.USBD_StdEPReq
                0x0800b394      0x2c6 cmake/stm32cubemx/CMakeFiles/USB_Device_Library.dir/__/__/Middlewares/ST/STM32_USB_Device_Library/Core/Src/usbd_ctlreq.c.obj
                0x0800b394                USBD_StdEPReq
 *fill*         0x0800b65a        0x2 
 .text.USBD_GetDescriptor
                0x0800b65c      0x2d0 cmake/stm32cubemx/CMakeFiles/USB_Device_Library.dir/__/__/Middlewares/ST/STM32_USB_Device_Library/Core/Src/usbd_ctlreq.c.obj
 .text.USBD_SetAddress
                0x0800b92c       0x86 cmake/stm32cubemx/CMakeFiles/USB_Device_Library.dir/__/__/Middlewares/ST/STM32_USB_Device_Library/Core/Src/usbd_ctlreq.c.obj
 *fill*         0x0800b9b2        0x2 
 .text.USBD_SetConfig
                0x0800b9b4      0x11c cmake/stm32cubemx/CMakeFiles/USB_Device_Library.dir/__/__/Middlewares/ST/STM32_USB_Device_Library/Core/Src/usbd_ctlreq.c.obj
 .text.USBD_GetConfig
                0x0800bad0       0x6a cmake/stm32cubemx/CMakeFiles/USB_Device_Library.dir/__/__/Middlewares/ST/STM32_USB_Device_Library/Core/Src/usbd_ctlreq.c.obj
 .text.USBD_GetStatus
                0x0800bb3a       0x66 cmake/stm32cubemx/CMakeFiles/USB_Device_Library.dir/__/__/Middlewares/ST/STM32_USB_Device_Library/Core/Src/usbd_ctlreq.c.obj
 .text.USBD_SetFeature
                0x0800bba0       0x28 cmake/stm32cubemx/CMakeFiles/USB_Device_Library.dir/__/__/Middlewares/ST/STM32_USB_Device_Library/Core/Src/usbd_ctlreq.c.obj
 .text.USBD_ClrFeature
                0x0800bbc8       0x42 cmake/stm32cubemx/CMakeFiles/USB_Device_Library.dir/__/__/Middlewares/ST/STM32_USB_Device_Library/Core/Src/usbd_ctlreq.c.obj
 .text.USBD_ParseSetupRequest
                0x0800bc0a       0x74 cmake/stm32cubemx/CMakeFiles/USB_Device_Library.dir/__/__/Middlewares/ST/STM32_USB_Device_Library/Core/Src/usbd_ctlreq.c.obj
                0x0800bc0a                USBD_ParseSetupRequest
 .text.USBD_CtlError
                0x0800bc7e       0x22 cmake/stm32cubemx/CMakeFiles/USB_Device_Library.dir/__/__/Middlewares/ST/STM32_USB_Device_Library/Core/Src/usbd_ctlreq.c.obj
                0x0800bc7e                USBD_CtlError
 .text.USBD_GetString
                0x0800bca0       0x84 cmake/stm32cubemx/CMakeFiles/USB_Device_Library.dir/__/__/Middlewares/ST/STM32_USB_Device_Library/Core/Src/usbd_ctlreq.c.obj
                0x0800bca0                USBD_GetString
 .text.USBD_GetLen
                0x0800bd24       0x30 cmake/stm32cubemx/CMakeFiles/USB_Device_Library.dir/__/__/Middlewares/ST/STM32_USB_Device_Library/Core/Src/usbd_ctlreq.c.obj
 .text.USBD_CtlSendData
                0x0800bd54       0x38 cmake/stm32cubemx/CMakeFiles/USB_Device_Library.dir/__/__/Middlewares/ST/STM32_USB_Device_Library/Core/Src/usbd_ioreq.c.obj
                0x0800bd54                USBD_CtlSendData
 .text.USBD_CtlContinueSendData
                0x0800bd8c       0x24 cmake/stm32cubemx/CMakeFiles/USB_Device_Library.dir/__/__/Middlewares/ST/STM32_USB_Device_Library/Core/Src/usbd_ioreq.c.obj
                0x0800bd8c                USBD_CtlContinueSendData
 .text.USBD_CtlPrepareRx
                0x0800bdb0       0x3c cmake/stm32cubemx/CMakeFiles/USB_Device_Library.dir/__/__/Middlewares/ST/STM32_USB_Device_Library/Core/Src/usbd_ioreq.c.obj
                0x0800bdb0                USBD_CtlPrepareRx
 .text.USBD_CtlContinueRx
                0x0800bdec       0x24 cmake/stm32cubemx/CMakeFiles/USB_Device_Library.dir/__/__/Middlewares/ST/STM32_USB_Device_Library/Core/Src/usbd_ioreq.c.obj
                0x0800bdec                USBD_CtlContinueRx
 .text.USBD_CtlSendStatus
                0x0800be10       0x26 cmake/stm32cubemx/CMakeFiles/USB_Device_Library.dir/__/__/Middlewares/ST/STM32_USB_Device_Library/Core/Src/usbd_ioreq.c.obj
                0x0800be10                USBD_CtlSendStatus
 .text.USBD_CtlReceiveStatus
                0x0800be36       0x26 cmake/stm32cubemx/CMakeFiles/USB_Device_Library.dir/__/__/Middlewares/ST/STM32_USB_Device_Library/Core/Src/usbd_ioreq.c.obj
                0x0800be36                USBD_CtlReceiveStatus
 .text.USBD_CDC_Init
                0x0800be5c       0xf4 cmake/stm32cubemx/CMakeFiles/USB_Device_Library.dir/__/__/Middlewares/ST/STM32_USB_Device_Library/Class/CDC/Src/usbd_cdc.c.obj
 .text.USBD_CDC_DeInit
                0x0800bf50       0x6e cmake/stm32cubemx/CMakeFiles/USB_Device_Library.dir/__/__/Middlewares/ST/STM32_USB_Device_Library/Class/CDC/Src/usbd_cdc.c.obj
 .text.USBD_CDC_Setup
                0x0800bfbe      0x146 cmake/stm32cubemx/CMakeFiles/USB_Device_Library.dir/__/__/Middlewares/ST/STM32_USB_Device_Library/Class/CDC/Src/usbd_cdc.c.obj
 .text.USBD_CDC_DataIn
                0x0800c104       0xa6 cmake/stm32cubemx/CMakeFiles/USB_Device_Library.dir/__/__/Middlewares/ST/STM32_USB_Device_Library/Class/CDC/Src/usbd_cdc.c.obj
 .text.USBD_CDC_DataOut
                0x0800c1aa       0x56 cmake/stm32cubemx/CMakeFiles/USB_Device_Library.dir/__/__/Middlewares/ST/STM32_USB_Device_Library/Class/CDC/Src/usbd_cdc.c.obj
 .text.USBD_CDC_EP0_RxReady
                0x0800c200       0x4e cmake/stm32cubemx/CMakeFiles/USB_Device_Library.dir/__/__/Middlewares/ST/STM32_USB_Device_Library/Class/CDC/Src/usbd_cdc.c.obj
 *fill*         0x0800c24e        0x2 
 .text.USBD_CDC_GetFSCfgDesc
                0x0800c250       0x20 cmake/stm32cubemx/CMakeFiles/USB_Device_Library.dir/__/__/Middlewares/ST/STM32_USB_Device_Library/Class/CDC/Src/usbd_cdc.c.obj
 .text.USBD_CDC_GetHSCfgDesc
                0x0800c270       0x20 cmake/stm32cubemx/CMakeFiles/USB_Device_Library.dir/__/__/Middlewares/ST/STM32_USB_Device_Library/Class/CDC/Src/usbd_cdc.c.obj
 .text.USBD_CDC_GetOtherSpeedCfgDesc
                0x0800c290       0x20 cmake/stm32cubemx/CMakeFiles/USB_Device_Library.dir/__/__/Middlewares/ST/STM32_USB_Device_Library/Class/CDC/Src/usbd_cdc.c.obj
 .text.USBD_CDC_GetDeviceQualifierDescriptor
                0x0800c2b0       0x20 cmake/stm32cubemx/CMakeFiles/USB_Device_Library.dir/__/__/Middlewares/ST/STM32_USB_Device_Library/Class/CDC/Src/usbd_cdc.c.obj
                0x0800c2b0                USBD_CDC_GetDeviceQualifierDescriptor
 .text.USBD_CDC_RegisterInterface
                0x0800c2d0       0x2e cmake/stm32cubemx/CMakeFiles/USB_Device_Library.dir/__/__/Middlewares/ST/STM32_USB_Device_Library/Class/CDC/Src/usbd_cdc.c.obj
                0x0800c2d0                USBD_CDC_RegisterInterface
 .text.USBD_CDC_SetTxBuffer
                0x0800c2fe       0x34 cmake/stm32cubemx/CMakeFiles/USB_Device_Library.dir/__/__/Middlewares/ST/STM32_USB_Device_Library/Class/CDC/Src/usbd_cdc.c.obj
                0x0800c2fe                USBD_CDC_SetTxBuffer
 .text.USBD_CDC_SetRxBuffer
                0x0800c332       0x28 cmake/stm32cubemx/CMakeFiles/USB_Device_Library.dir/__/__/Middlewares/ST/STM32_USB_Device_Library/Class/CDC/Src/usbd_cdc.c.obj
                0x0800c332                USBD_CDC_SetRxBuffer
 .text.USBD_CDC_ReceivePacket
                0x0800c35a       0x54 cmake/stm32cubemx/CMakeFiles/USB_Device_Library.dir/__/__/Middlewares/ST/STM32_USB_Device_Library/Class/CDC/Src/usbd_cdc.c.obj
                0x0800c35a                USBD_CDC_ReceivePacket
 *fill*         0x0800c3ae        0x2 
 .text.HAL_PCD_MspInit
                0x0800c3b0       0x98 CMakeFiles/lab06_taskab.dir/USB_DEVICE/Target/usbd_conf.c.obj
                0x0800c3b0                HAL_PCD_MspInit
 .text.HAL_PCD_SetupStageCallback
                0x0800c448       0x24 CMakeFiles/lab06_taskab.dir/USB_DEVICE/Target/usbd_conf.c.obj
                0x0800c448                HAL_PCD_SetupStageCallback
 .text.HAL_PCD_DataOutStageCallback
                0x0800c46c       0x36 CMakeFiles/lab06_taskab.dir/USB_DEVICE/Target/usbd_conf.c.obj
                0x0800c46c                HAL_PCD_DataOutStageCallback
 .text.HAL_PCD_DataInStageCallback
                0x0800c4a2       0x34 CMakeFiles/lab06_taskab.dir/USB_DEVICE/Target/usbd_conf.c.obj
                0x0800c4a2                HAL_PCD_DataInStageCallback
 .text.HAL_PCD_SOFCallback
                0x0800c4d6       0x1c CMakeFiles/lab06_taskab.dir/USB_DEVICE/Target/usbd_conf.c.obj
                0x0800c4d6                HAL_PCD_SOFCallback
 .text.HAL_PCD_ResetCallback
                0x0800c4f2       0x3c CMakeFiles/lab06_taskab.dir/USB_DEVICE/Target/usbd_conf.c.obj
                0x0800c4f2                HAL_PCD_ResetCallback
 *fill*         0x0800c52e        0x2 
 .text.HAL_PCD_SuspendCallback
                0x0800c530       0x34 CMakeFiles/lab06_taskab.dir/USB_DEVICE/Target/usbd_conf.c.obj
                0x0800c530                HAL_PCD_SuspendCallback
 .text.HAL_PCD_ResumeCallback
                0x0800c564       0x1c CMakeFiles/lab06_taskab.dir/USB_DEVICE/Target/usbd_conf.c.obj
                0x0800c564                HAL_PCD_ResumeCallback
 .text.USBD_LL_Init
                0x0800c580       0xb4 CMakeFiles/lab06_taskab.dir/USB_DEVICE/Target/usbd_conf.c.obj
                0x0800c580                USBD_LL_Init
 .text.USBD_LL_Start
                0x0800c634       0x36 CMakeFiles/lab06_taskab.dir/USB_DEVICE/Target/usbd_conf.c.obj
                0x0800c634                USBD_LL_Start
 .text.USBD_LL_OpenEP
                0x0800c66a       0x4c CMakeFiles/lab06_taskab.dir/USB_DEVICE/Target/usbd_conf.c.obj
                0x0800c66a                USBD_LL_OpenEP
 .text.USBD_LL_CloseEP
                0x0800c6b6       0x3e CMakeFiles/lab06_taskab.dir/USB_DEVICE/Target/usbd_conf.c.obj
                0x0800c6b6                USBD_LL_CloseEP
 .text.USBD_LL_StallEP
                0x0800c6f4       0x3e CMakeFiles/lab06_taskab.dir/USB_DEVICE/Target/usbd_conf.c.obj
                0x0800c6f4                USBD_LL_StallEP
 .text.USBD_LL_ClearStallEP
                0x0800c732       0x3e CMakeFiles/lab06_taskab.dir/USB_DEVICE/Target/usbd_conf.c.obj
                0x0800c732                USBD_LL_ClearStallEP
 .text.USBD_LL_IsStallEP
                0x0800c770       0x58 CMakeFiles/lab06_taskab.dir/USB_DEVICE/Target/usbd_conf.c.obj
                0x0800c770                USBD_LL_IsStallEP
 .text.USBD_LL_SetUSBAddress
                0x0800c7c8       0x3e CMakeFiles/lab06_taskab.dir/USB_DEVICE/Target/usbd_conf.c.obj
                0x0800c7c8                USBD_LL_SetUSBAddress
 .text.USBD_LL_Transmit
                0x0800c806       0x46 CMakeFiles/lab06_taskab.dir/USB_DEVICE/Target/usbd_conf.c.obj
                0x0800c806                USBD_LL_Transmit
 .text.USBD_LL_PrepareReceive
                0x0800c84c       0x46 CMakeFiles/lab06_taskab.dir/USB_DEVICE/Target/usbd_conf.c.obj
                0x0800c84c                USBD_LL_PrepareReceive
 .text.USBD_LL_GetRxDataSize
                0x0800c892       0x26 CMakeFiles/lab06_taskab.dir/USB_DEVICE/Target/usbd_conf.c.obj
                0x0800c892                USBD_LL_GetRxDataSize
 .text.USBD_static_malloc
                0x0800c8b8       0x1c CMakeFiles/lab06_taskab.dir/USB_DEVICE/Target/usbd_conf.c.obj
                0x0800c8b8                USBD_static_malloc
 .text.USBD_static_free
                0x0800c8d4       0x14 CMakeFiles/lab06_taskab.dir/USB_DEVICE/Target/usbd_conf.c.obj
                0x0800c8d4                USBD_static_free
 .text.HAL_PCDEx_SetConnectionState
                0x0800c8e8       0x18 CMakeFiles/lab06_taskab.dir/USB_DEVICE/Target/usbd_conf.c.obj
                0x0800c8e8                HAL_PCDEx_SetConnectionState
 .text.USBD_Get_USB_Status
                0x0800c900       0x58 CMakeFiles/lab06_taskab.dir/USB_DEVICE/Target/usbd_conf.c.obj
 .text.MX_USB_DEVICE_Init
                0x0800c958       0x60 CMakeFiles/lab06_taskab.dir/USB_DEVICE/App/usb_device.c.obj
                0x0800c958                MX_USB_DEVICE_Init
 .text.USBD_FS_DeviceDescriptor
                0x0800c9b8       0x24 CMakeFiles/lab06_taskab.dir/USB_DEVICE/App/usbd_desc.c.obj
                0x0800c9b8                USBD_FS_DeviceDescriptor
 .text.USBD_FS_LangIDStrDescriptor
                0x0800c9dc       0x24 CMakeFiles/lab06_taskab.dir/USB_DEVICE/App/usbd_desc.c.obj
                0x0800c9dc                USBD_FS_LangIDStrDescriptor
 .text.USBD_FS_ProductStrDescriptor
                0x0800ca00       0x3c CMakeFiles/lab06_taskab.dir/USB_DEVICE/App/usbd_desc.c.obj
                0x0800ca00                USBD_FS_ProductStrDescriptor
 .text.USBD_FS_ManufacturerStrDescriptor
                0x0800ca3c       0x28 CMakeFiles/lab06_taskab.dir/USB_DEVICE/App/usbd_desc.c.obj
                0x0800ca3c                USBD_FS_ManufacturerStrDescriptor
 .text.USBD_FS_SerialStrDescriptor
                0x0800ca64       0x24 CMakeFiles/lab06_taskab.dir/USB_DEVICE/App/usbd_desc.c.obj
                0x0800ca64                USBD_FS_SerialStrDescriptor
 .text.USBD_FS_ConfigStrDescriptor
                0x0800ca88       0x3c CMakeFiles/lab06_taskab.dir/USB_DEVICE/App/usbd_desc.c.obj
                0x0800ca88                USBD_FS_ConfigStrDescriptor
 .text.USBD_FS_InterfaceStrDescriptor
                0x0800cac4       0x3c CMakeFiles/lab06_taskab.dir/USB_DEVICE/App/usbd_desc.c.obj
                0x0800cac4                USBD_FS_InterfaceStrDescriptor
 .text.Get_SerialNum
                0x0800cb00       0x58 CMakeFiles/lab06_taskab.dir/USB_DEVICE/App/usbd_desc.c.obj
 .text.IntToUnicode
                0x0800cb58       0x7e CMakeFiles/lab06_taskab.dir/USB_DEVICE/App/usbd_desc.c.obj
 *fill*         0x0800cbd6        0x2 
 .text.CDC_Init_FS
                0x0800cbd8       0x28 CMakeFiles/lab06_taskab.dir/USB_DEVICE/App/usbd_cdc_if.c.obj
 .text.CDC_DeInit_FS
                0x0800cc00       0x10 CMakeFiles/lab06_taskab.dir/USB_DEVICE/App/usbd_cdc_if.c.obj
 .text.CDC_Control_FS
                0x0800cc10       0xbc CMakeFiles/lab06_taskab.dir/USB_DEVICE/App/usbd_cdc_if.c.obj
 .text.CDC_Receive_FS
                0x0800cccc       0x28 CMakeFiles/lab06_taskab.dir/USB_DEVICE/App/usbd_cdc_if.c.obj
 .text.main     0x0800ccf4       0x90 CMakeFiles/lab06_taskab.dir/Core/Src/main.c.obj
                0x0800ccf4                main
 .text.SystemClock_Config
                0x0800cd84       0xc8 CMakeFiles/lab06_taskab.dir/Core/Src/main.c.obj
                0x0800cd84                SystemClock_Config
 .text.MX_I2C1_Init
                0x0800ce4c       0x80 CMakeFiles/lab06_taskab.dir/Core/Src/main.c.obj
 .text.MX_SPI1_Init
                0x0800cecc       0x7c CMakeFiles/lab06_taskab.dir/Core/Src/main.c.obj
 .text.MX_TIM2_Init
                0x0800cf48       0xa8 CMakeFiles/lab06_taskab.dir/Core/Src/main.c.obj
 .text.MX_USART1_UART_Init
                0x0800cff0       0x60 CMakeFiles/lab06_taskab.dir/Core/Src/main.c.obj
 .text.MX_GPIO_Init
                0x0800d050       0xfc CMakeFiles/lab06_taskab.dir/Core/Src/main.c.obj
 .text.HAL_TIM_IC_CaptureCallback
                0x0800d14c       0xb4 CMakeFiles/lab06_taskab.dir/Core/Src/main.c.obj
                0x0800d14c                HAL_TIM_IC_CaptureCallback
 .text.Error_Handler
                0x0800d200        0xc CMakeFiles/lab06_taskab.dir/Core/Src/main.c.obj
                0x0800d200                Error_Handler
 .text.NMI_Handler
                0x0800d20c        0x8 CMakeFiles/lab06_taskab.dir/Core/Src/stm32f3xx_it.c.obj
                0x0800d20c                NMI_Handler
 .text.HardFault_Handler
                0x0800d214        0x8 CMakeFiles/lab06_taskab.dir/Core/Src/stm32f3xx_it.c.obj
                0x0800d214                HardFault_Handler
 .text.MemManage_Handler
                0x0800d21c        0x8 CMakeFiles/lab06_taskab.dir/Core/Src/stm32f3xx_it.c.obj
                0x0800d21c                MemManage_Handler
 .text.BusFault_Handler
                0x0800d224        0x8 CMakeFiles/lab06_taskab.dir/Core/Src/stm32f3xx_it.c.obj
                0x0800d224                BusFault_Handler
 .text.UsageFault_Handler
                0x0800d22c        0x8 CMakeFiles/lab06_taskab.dir/Core/Src/stm32f3xx_it.c.obj
                0x0800d22c                UsageFault_Handler
 .text.SVC_Handler
                0x0800d234        0xe CMakeFiles/lab06_taskab.dir/Core/Src/stm32f3xx_it.c.obj
                0x0800d234                SVC_Handler
 .text.DebugMon_Handler
                0x0800d242        0xe CMakeFiles/lab06_taskab.dir/Core/Src/stm32f3xx_it.c.obj
                0x0800d242                DebugMon_Handler
 .text.PendSV_Handler
                0x0800d250        0xe CMakeFiles/lab06_taskab.dir/Core/Src/stm32f3xx_it.c.obj
                0x0800d250                PendSV_Handler
 .text.SysTick_Handler
                0x0800d25e        0xc CMakeFiles/lab06_taskab.dir/Core/Src/stm32f3xx_it.c.obj
                0x0800d25e                SysTick_Handler
 *fill*         0x0800d26a        0x2 
 .text.USB_LP_CAN_RX0_IRQHandler
                0x0800d26c       0x14 CMakeFiles/lab06_taskab.dir/Core/Src/stm32f3xx_it.c.obj
                0x0800d26c                USB_LP_CAN_RX0_IRQHandler
 .text.TIM2_IRQHandler
                0x0800d280       0x14 CMakeFiles/lab06_taskab.dir/Core/Src/stm32f3xx_it.c.obj
                0x0800d280                TIM2_IRQHandler
 .text.HAL_MspInit
                0x0800d294       0x48 CMakeFiles/lab06_taskab.dir/Core/Src/stm32f3xx_hal_msp.c.obj
                0x0800d294                HAL_MspInit
 .text.HAL_I2C_MspInit
                0x0800d2dc       0x88 CMakeFiles/lab06_taskab.dir/Core/Src/stm32f3xx_hal_msp.c.obj
                0x0800d2dc                HAL_I2C_MspInit
 .text.HAL_SPI_MspInit
                0x0800d364       0x84 CMakeFiles/lab06_taskab.dir/Core/Src/stm32f3xx_hal_msp.c.obj
                0x0800d364                HAL_SPI_MspInit
 .text.HAL_TIM_IC_MspInit
                0x0800d3e8       0x90 CMakeFiles/lab06_taskab.dir/Core/Src/stm32f3xx_hal_msp.c.obj
                0x0800d3e8                HAL_TIM_IC_MspInit
 .text.HAL_UART_MspInit
                0x0800d478       0x88 CMakeFiles/lab06_taskab.dir/Core/Src/stm32f3xx_hal_msp.c.obj
                0x0800d478                HAL_UART_MspInit
 .text._sbrk    0x0800d500       0x6c CMakeFiles/lab06_taskab.dir/Core/Src/sysmem.c.obj
                0x0800d500                _sbrk
 .text._getpid  0x0800d56c       0x10 CMakeFiles/lab06_taskab.dir/Core/Src/syscalls.c.obj
                0x0800d56c                _getpid
 .text._kill    0x0800d57c       0x20 CMakeFiles/lab06_taskab.dir/Core/Src/syscalls.c.obj
                0x0800d57c                _kill
 .text._exit    0x0800d59c       0x16 CMakeFiles/lab06_taskab.dir/Core/Src/syscalls.c.obj
                0x0800d59c                _exit
 .text._read    0x0800d5b2       0x3a CMakeFiles/lab06_taskab.dir/Core/Src/syscalls.c.obj
                0x0800d5b2                _read
 .text._write   0x0800d5ec       0x38 CMakeFiles/lab06_taskab.dir/Core/Src/syscalls.c.obj
                0x0800d5ec                _write
 .text._close   0x0800d624       0x18 CMakeFiles/lab06_taskab.dir/Core/Src/syscalls.c.obj
                0x0800d624                _close
 .text._fstat   0x0800d63c       0x20 CMakeFiles/lab06_taskab.dir/Core/Src/syscalls.c.obj
                0x0800d63c                _fstat
 .text._isatty  0x0800d65c       0x16 CMakeFiles/lab06_taskab.dir/Core/Src/syscalls.c.obj
                0x0800d65c                _isatty
 .text._lseek   0x0800d672       0x1a CMakeFiles/lab06_taskab.dir/Core/Src/syscalls.c.obj
                0x0800d672                _lseek
 .text.Reset_Handler
                0x0800d68c       0x50 CMakeFiles/lab06_taskab.dir/startup_stm32f303xc.s.obj
                0x0800d68c                Reset_Handler
 .text.Default_Handler
                0x0800d6dc        0x2 CMakeFiles/lab06_taskab.dir/startup_stm32f303xc.s.obj
                0x0800d6dc                RTC_Alarm_IRQHandler
                0x0800d6dc                TIM8_TRG_COM_IRQHandler
                0x0800d6dc                TIM8_CC_IRQHandler
                0x0800d6dc                TIM1_CC_IRQHandler
                0x0800d6dc                USB_HP_IRQHandler
                0x0800d6dc                PVD_IRQHandler
                0x0800d6dc                TAMP_STAMP_IRQHandler
                0x0800d6dc                EXTI3_IRQHandler
                0x0800d6dc                USB_HP_CAN_TX_IRQHandler
                0x0800d6dc                EXTI0_IRQHandler
                0x0800d6dc                I2C2_EV_IRQHandler
                0x0800d6dc                FPU_IRQHandler
                0x0800d6dc                TIM1_UP_TIM16_IRQHandler
                0x0800d6dc                ADC1_2_IRQHandler
                0x0800d6dc                SPI1_IRQHandler
                0x0800d6dc                CAN_SCE_IRQHandler
                0x0800d6dc                TIM6_DAC_IRQHandler
                0x0800d6dc                TIM8_UP_IRQHandler
                0x0800d6dc                DMA2_Channel2_IRQHandler
                0x0800d6dc                DMA1_Channel4_IRQHandler
                0x0800d6dc                USART3_IRQHandler
                0x0800d6dc                DMA1_Channel7_IRQHandler
                0x0800d6dc                UART5_IRQHandler
                0x0800d6dc                ADC3_IRQHandler
                0x0800d6dc                TIM4_IRQHandler
                0x0800d6dc                CAN_RX1_IRQHandler
                0x0800d6dc                DMA2_Channel1_IRQHandler
                0x0800d6dc                I2C1_EV_IRQHandler
                0x0800d6dc                DMA1_Channel6_IRQHandler
                0x0800d6dc                UART4_IRQHandler
                0x0800d6dc                DMA2_Channel4_IRQHandler
                0x0800d6dc                TIM3_IRQHandler
                0x0800d6dc                RCC_IRQHandler
                0x0800d6dc                DMA1_Channel1_IRQHandler
                0x0800d6dc                Default_Handler
                0x0800d6dc                USBWakeUp_RMP_IRQHandler
                0x0800d6dc                EXTI15_10_IRQHandler
                0x0800d6dc                TIM7_IRQHandler
                0x0800d6dc                EXTI9_5_IRQHandler
                0x0800d6dc                RTC_WKUP_IRQHandler
                0x0800d6dc                SPI2_IRQHandler
                0x0800d6dc                DMA2_Channel5_IRQHandler
                0x0800d6dc                DMA1_Channel5_IRQHandler
                0x0800d6dc                USB_LP_IRQHandler
                0x0800d6dc                EXTI4_IRQHandler
                0x0800d6dc                TIM1_TRG_COM_TIM17_IRQHandler
                0x0800d6dc                DMA1_Channel3_IRQHandler
                0x0800d6dc                ADC4_IRQHandler
                0x0800d6dc                WWDG_IRQHandler
                0x0800d6dc                COMP7_IRQHandler
                0x0800d6dc                COMP1_2_3_IRQHandler
                0x0800d6dc                EXTI1_IRQHandler
                0x0800d6dc                USART2_IRQHandler
                0x0800d6dc                COMP4_5_6_IRQHandler
                0x0800d6dc                I2C2_ER_IRQHandler
                0x0800d6dc                DMA1_Channel2_IRQHandler
                0x0800d6dc                TIM8_BRK_IRQHandler
                0x0800d6dc                FLASH_IRQHandler
                0x0800d6dc                USART1_IRQHandler
                0x0800d6dc                SPI3_IRQHandler
                0x0800d6dc                I2C1_ER_IRQHandler
                0x0800d6dc                USBWakeUp_IRQHandler
                0x0800d6dc                DMA2_Channel3_IRQHandler
                0x0800d6dc                EXTI2_TSC_IRQHandler
                0x0800d6dc                TIM1_BRK_TIM15_IRQHandler
 *fill*         0x0800d6de        0x2 
 .text.snprintf
                0x0800d6e0       0x6c /home/maniya/stm32cubeclt_1.18.0/GNU-tools-for-STM32/bin/../lib/gcc/arm-none-eabi/13.3.1/../../../../arm-none-eabi/lib/thumb/v7e-m+fp/hard/libg_nano.a(libc_a-snprintf.o)
                0x0800d6e0                snprintf
                0x0800d6e0                sniprintf
 .text.__errno  0x0800d74c        0xc /home/maniya/stm32cubeclt_1.18.0/GNU-tools-for-STM32/bin/../lib/gcc/arm-none-eabi/13.3.1/../../../../arm-none-eabi/lib/thumb/v7e-m+fp/hard/libg_nano.a(libc_a-errno.o)
                0x0800d74c                __errno
 .text.__ssputs_r
                0x0800d758       0xb6 /home/maniya/stm32cubeclt_1.18.0/GNU-tools-for-STM32/bin/../lib/gcc/arm-none-eabi/13.3.1/../../../../arm-none-eabi/lib/thumb/v7e-m+fp/hard/libg_nano.a(libc_a-nano-svfprintf.o)
                0x0800d758                __ssputs_r
 *fill*         0x0800d80e        0x2 
 .text._svfprintf_r
                0x0800d810      0x1f8 /home/maniya/stm32cubeclt_1.18.0/GNU-tools-for-STM32/bin/../lib/gcc/arm-none-eabi/13.3.1/../../../../arm-none-eabi/lib/thumb/v7e-m+fp/hard/libg_nano.a(libc_a-nano-svfprintf.o)
                0x0800d810                _svfprintf_r
                0x0800d810                _svfiprintf_r
 *(.glue_7)
 .glue_7        0x0800da08        0x0 linker stubs
 *(.glue_7t)
 .glue_7t       0x0800da08        0x0 linker stubs
 *(.eh_frame)
 .eh_frame      0x0800da08        0x0 /home/maniya/stm32cubeclt_1.18.0/GNU-tools-for-STM32/bin/../lib/gcc/arm-none-eabi/13.3.1/thumb/v7e-m+fp/hard/crtbegin.o
 *(.init)
 .init          0x0800da08        0x4 /home/maniya/stm32cubeclt_1.18.0/GNU-tools-for-STM32/bin/../lib/gcc/arm-none-eabi/13.3.1/thumb/v7e-m+fp/hard/crti.o
                0x0800da08                _init
 .init          0x0800da0c        0x8 /home/maniya/stm32cubeclt_1.18.0/GNU-tools-for-STM32/bin/../lib/gcc/arm-none-eabi/13.3.1/thumb/v7e-m+fp/hard/crtn.o
 *(.fini)
 .fini          0x0800da14        0x4 /home/maniya/stm32cubeclt_1.18.0/GNU-tools-for-STM32/bin/../lib/gcc/arm-none-eabi/13.3.1/thumb/v7e-m+fp/hard/crti.o
                0x0800da14                _fini
 .fini          0x0800da18        0x8 /home/maniya/stm32cubeclt_1.18.0/GNU-tools-for-STM32/bin/../lib/gcc/arm-none-eabi/13.3.1/thumb/v7e-m+fp/hard/crtn.o
                0x0800da20                        . = ALIGN (0x4)
                0x0800da20                        _etext = .

.vfp11_veneer   0x0800da20        0x0
 .vfp11_veneer  0x0800da20        0x0 linker stubs

.v4_bx          0x0800da20        0x0
 .v4_bx         0x0800da20        0x0 linker stubs

.iplt           0x0800da20        0x0
 .iplt          0x0800da20        0x0 /home/maniya/stm32cubeclt_1.18.0/GNU-tools-for-STM32/bin/../lib/gcc/arm-none-eabi/13.3.1/thumb/v7e-m+fp/hard/crtbegin.o

.rodata         0x0800da20      0x40c
                0x0800da20                        . = ALIGN (0x4)
 *(.rodata)
 .rodata        0x0800da20       0x46 CMakeFiles/lab06_taskab.dir/USB_DEVICE/App/usbd_desc.c.obj
 *fill*         0x0800da66        0x2 
 .rodata        0x0800da68       0x16 CMakeFiles/lab06_taskab.dir/Core/Src/main.c.obj
 *(.rodata*)
 .rodata._printf_float.str1.1
                0x0800da7e      0x171 /home/maniya/stm32cubeclt_1.18.0/GNU-tools-for-STM32/bin/../lib/gcc/arm-none-eabi/13.3.1/../../../../arm-none-eabi/lib/thumb/v7e-m+fp/hard/libc_nano.a(libc_a-nano-vfprintf_float.o)
                                 0x12 (size before relaxing)
 .rodata._printf_i.str1.1
                0x0800dbef       0x22 /home/maniya/stm32cubeclt_1.18.0/GNU-tools-for-STM32/bin/../lib/gcc/arm-none-eabi/13.3.1/../../../../arm-none-eabi/lib/thumb/v7e-m+fp/hard/libc_nano.a(libc_a-nano-vfprintf_i.o)
 .rodata._dtoa_r.str1.1
                0x0800dbef       0x8f /home/maniya/stm32cubeclt_1.18.0/GNU-tools-for-STM32/bin/../lib/gcc/arm-none-eabi/13.3.1/../../../../arm-none-eabi/lib/thumb/v7e-m+fp/hard/libc_nano.a(libc_a-dtoa.o)
 .rodata._Balloc.str1.1
                0x0800dbef       0x70 /home/maniya/stm32cubeclt_1.18.0/GNU-tools-for-STM32/bin/../lib/gcc/arm-none-eabi/13.3.1/../../../../arm-none-eabi/lib/thumb/v7e-m+fp/hard/libc_nano.a(libc_a-mprec.o)
 .rodata.__multadd.str1.1
                0x0800dbef       0x11 /home/maniya/stm32cubeclt_1.18.0/GNU-tools-for-STM32/bin/../lib/gcc/arm-none-eabi/13.3.1/../../../../arm-none-eabi/lib/thumb/v7e-m+fp/hard/libc_nano.a(libc_a-mprec.o)
 *fill*         0x0800dbef        0x1 
 .rodata.p05.0  0x0800dbf0        0xc /home/maniya/stm32cubeclt_1.18.0/GNU-tools-for-STM32/bin/../lib/gcc/arm-none-eabi/13.3.1/../../../../arm-none-eabi/lib/thumb/v7e-m+fp/hard/libc_nano.a(libc_a-mprec.o)
 *fill*         0x0800dbfc        0x4 
 .rodata.__mprec_bigtens
                0x0800dc00       0x28 /home/maniya/stm32cubeclt_1.18.0/GNU-tools-for-STM32/bin/../lib/gcc/arm-none-eabi/13.3.1/../../../../arm-none-eabi/lib/thumb/v7e-m+fp/hard/libc_nano.a(libc_a-mprec.o)
                0x0800dc00                __mprec_bigtens
 .rodata.__mprec_tens
                0x0800dc28       0xc8 /home/maniya/stm32cubeclt_1.18.0/GNU-tools-for-STM32/bin/../lib/gcc/arm-none-eabi/13.3.1/../../../../arm-none-eabi/lib/thumb/v7e-m+fp/hard/libc_nano.a(libc_a-mprec.o)
                0x0800dc28                __mprec_tens
 .rodata._setlocale_r.str1.1
                0x0800dcf0        0x9 /home/maniya/stm32cubeclt_1.18.0/GNU-tools-for-STM32/bin/../lib/gcc/arm-none-eabi/13.3.1/../../../../arm-none-eabi/lib/thumb/v7e-m+fp/hard/libc_nano.a(libc_a-locale.o)
 .rodata.str1.1
                0x0800dcf0        0x2 /home/maniya/stm32cubeclt_1.18.0/GNU-tools-for-STM32/bin/../lib/gcc/arm-none-eabi/13.3.1/../../../../arm-none-eabi/lib/thumb/v7e-m+fp/hard/libc_nano.a(libc_a-locale.o)
 .rodata.__assert_func.str1.1
                0x0800dcf0       0x3d /home/maniya/stm32cubeclt_1.18.0/GNU-tools-for-STM32/bin/../lib/gcc/arm-none-eabi/13.3.1/../../../../arm-none-eabi/lib/thumb/v7e-m+fp/hard/libc_nano.a(libc_a-assert.o)
 .rodata._ctype_
                0x0800dcf0      0x101 /home/maniya/stm32cubeclt_1.18.0/GNU-tools-for-STM32/bin/../lib/gcc/arm-none-eabi/13.3.1/../../../../arm-none-eabi/lib/thumb/v7e-m+fp/hard/libc_nano.a(libc_a-ctype_.o)
                0x0800dcf0                _ctype_
 .rodata._vfprintf_r.str1.1
                0x0800ddf1       0x11 /home/maniya/stm32cubeclt_1.18.0/GNU-tools-for-STM32/bin/../lib/gcc/arm-none-eabi/13.3.1/../../../../arm-none-eabi/lib/thumb/v7e-m+fp/hard/libc_nano.a(libc_a-nano-vfprintf.o)
 *fill*         0x0800ddf1        0x3 
 .rodata.AHBPrescTable
                0x0800ddf4       0x10 cmake/stm32cubemx/CMakeFiles/STM32_Drivers.dir/__/__/Core/Src/system_stm32f3xx.c.obj
                0x0800ddf4                AHBPrescTable
 .rodata.APBPrescTable
                0x0800de04        0x8 cmake/stm32cubemx/CMakeFiles/STM32_Drivers.dir/__/__/Core/Src/system_stm32f3xx.c.obj
                0x0800de04                APBPrescTable
 .rodata.aPLLMULFactorTable
                0x0800de0c       0x10 cmake/stm32cubemx/CMakeFiles/STM32_Drivers.dir/__/__/Drivers/STM32F3xx_HAL_Driver/Src/stm32f3xx_hal_rcc.c.obj
 .rodata.aPredivFactorTable
                0x0800de1c       0x10 cmake/stm32cubemx/CMakeFiles/STM32_Drivers.dir/__/__/Drivers/STM32F3xx_HAL_Driver/Src/stm32f3xx_hal_rcc.c.obj
 .rodata._svfprintf_r.str1.1
                0x0800de2c       0x11 /home/maniya/stm32cubeclt_1.18.0/GNU-tools-for-STM32/bin/../lib/gcc/arm-none-eabi/13.3.1/../../../../arm-none-eabi/lib/thumb/v7e-m+fp/hard/libg_nano.a(libc_a-nano-svfprintf.o)
                0x0800de40                        . = ALIGN (0x4)

.ARM.extab      0x0800de2c        0x0
                0x0800de2c                        . = ALIGN (0x4)
 *(.ARM.extab* .gnu.linkonce.armextab.*)
                0x0800de2c                        . = ALIGN (0x4)

.ARM            0x0800de2c        0x8
                0x0800de2c                        . = ALIGN (0x4)
                0x0800de2c                        __exidx_start = .
 *(.ARM.exidx*)
 .ARM.exidx     0x0800de2c        0x8 /home/maniya/stm32cubeclt_1.18.0/GNU-tools-for-STM32/bin/../lib/gcc/arm-none-eabi/13.3.1/../../../../arm-none-eabi/lib/thumb/v7e-m+fp/hard/libc_nano.a(libc_a-memchr.o)
 .ARM.exidx     0x0800de34        0x0 /home/maniya/stm32cubeclt_1.18.0/GNU-tools-for-STM32/bin/../lib/gcc/arm-none-eabi/13.3.1/../../../../arm-none-eabi/lib/thumb/v7e-m+fp/hard/libc_nano.a(libc_a-strlen.o)
                                  0x8 (size before relaxing)
                0x0800de34                        __exidx_end = .
                0x0800de34                        . = ALIGN (0x4)

.preinit_array  0x0800de34        0x0
                0x0800de34                        . = ALIGN (0x4)
                0x0800de34                        PROVIDE (__preinit_array_start = .)
 *(.preinit_array*)
                0x0800de34                        PROVIDE (__preinit_array_end = .)
                0x0800de34                        . = ALIGN (0x4)

.init_array     0x0800de34        0x4
                0x0800de34                        . = ALIGN (0x4)
                0x0800de34                        PROVIDE (__init_array_start = .)
 *(SORT_BY_NAME(.init_array.*))
 *(.init_array*)
 .init_array    0x0800de34        0x4 /home/maniya/stm32cubeclt_1.18.0/GNU-tools-for-STM32/bin/../lib/gcc/arm-none-eabi/13.3.1/thumb/v7e-m+fp/hard/crtbegin.o
                0x0800de38                        PROVIDE (__init_array_end = .)
                0x0800de38                        . = ALIGN (0x4)

.fini_array     0x0800de38        0x4
                0x0800de38                        . = ALIGN (0x4)
                [!provide]                        PROVIDE (__fini_array_start = .)
 *(SORT_BY_NAME(.fini_array.*))
 *(.fini_array*)
 .fini_array    0x0800de38        0x4 /home/maniya/stm32cubeclt_1.18.0/GNU-tools-for-STM32/bin/../lib/gcc/arm-none-eabi/13.3.1/thumb/v7e-m+fp/hard/crtbegin.o
                [!provide]                        PROVIDE (__fini_array_end = .)
                0x0800de3c                        . = ALIGN (0x4)
                0x0800de3c                        _sidata = LOADADDR (.data)

.rel.dyn        0x0800de3c        0x0
 .rel.iplt      0x0800de3c        0x0 /home/maniya/stm32cubeclt_1.18.0/GNU-tools-for-STM32/bin/../lib/gcc/arm-none-eabi/13.3.1/thumb/v7e-m+fp/hard/crtbegin.o

.data           0x20000000      0x344 load address 0x0800de3c
                0x20000000                        . = ALIGN (0x4)
                0x20000000                        _sdata = .
 *(.data)
 *(.data*)
 .data.__sglue  0x20000000        0xc /home/maniya/stm32cubeclt_1.18.0/GNU-tools-for-STM32/bin/../lib/gcc/arm-none-eabi/13.3.1/../../../../arm-none-eabi/lib/thumb/v7e-m+fp/hard/libc_nano.a(libc_a-findfp.o)
                0x20000000                __sglue
 .data._impure_ptr
                0x2000000c        0x4 /home/maniya/stm32cubeclt_1.18.0/GNU-tools-for-STM32/bin/../lib/gcc/arm-none-eabi/13.3.1/../../../../arm-none-eabi/lib/thumb/v7e-m+fp/hard/libc_nano.a(libc_a-impure.o)
                0x2000000c                _impure_ptr
 .data._impure_data
                0x20000010       0x4c /home/maniya/stm32cubeclt_1.18.0/GNU-tools-for-STM32/bin/../lib/gcc/arm-none-eabi/13.3.1/../../../../arm-none-eabi/lib/thumb/v7e-m+fp/hard/libc_nano.a(libc_a-impure.o)
                0x20000010                _impure_data
 .data.__global_locale
                0x2000005c      0x16c /home/maniya/stm32cubeclt_1.18.0/GNU-tools-for-STM32/bin/../lib/gcc/arm-none-eabi/13.3.1/../../../../arm-none-eabi/lib/thumb/v7e-m+fp/hard/libc_nano.a(libc_a-locale.o)
                0x2000005c                __global_locale
 .data.SystemCoreClock
                0x200001c8        0x4 cmake/stm32cubemx/CMakeFiles/STM32_Drivers.dir/__/__/Core/Src/system_stm32f3xx.c.obj
                0x200001c8                SystemCoreClock
 .data.uwTickPrio
                0x200001cc        0x4 cmake/stm32cubemx/CMakeFiles/STM32_Drivers.dir/__/__/Drivers/STM32F3xx_HAL_Driver/Src/stm32f3xx_hal.c.obj
                0x200001cc                uwTickPrio
 .data.uwTickFreq
                0x200001d0        0x1 cmake/stm32cubemx/CMakeFiles/STM32_Drivers.dir/__/__/Drivers/STM32F3xx_HAL_Driver/Src/stm32f3xx_hal.c.obj
                0x200001d0                uwTickFreq
 *fill*         0x200001d1        0x3 
 .data.USBD_CDC_DeviceQualifierDesc
                0x200001d4        0xa cmake/stm32cubemx/CMakeFiles/USB_Device_Library.dir/__/__/Middlewares/ST/STM32_USB_Device_Library/Class/CDC/Src/usbd_cdc.c.obj
 *fill*         0x200001de        0x2 
 .data.USBD_CDC
                0x200001e0       0x38 cmake/stm32cubemx/CMakeFiles/USB_Device_Library.dir/__/__/Middlewares/ST/STM32_USB_Device_Library/Class/CDC/Src/usbd_cdc.c.obj
                0x200001e0                USBD_CDC
 .data.USBD_CDC_CfgHSDesc
                0x20000218       0x43 cmake/stm32cubemx/CMakeFiles/USB_Device_Library.dir/__/__/Middlewares/ST/STM32_USB_Device_Library/Class/CDC/Src/usbd_cdc.c.obj
                0x20000218                USBD_CDC_CfgHSDesc
 *fill*         0x2000025b        0x1 
 .data.USBD_CDC_CfgFSDesc
                0x2000025c       0x43 cmake/stm32cubemx/CMakeFiles/USB_Device_Library.dir/__/__/Middlewares/ST/STM32_USB_Device_Library/Class/CDC/Src/usbd_cdc.c.obj
                0x2000025c                USBD_CDC_CfgFSDesc
 *fill*         0x2000029f        0x1 
 .data.USBD_CDC_OtherSpeedCfgDesc
                0x200002a0       0x43 cmake/stm32cubemx/CMakeFiles/USB_Device_Library.dir/__/__/Middlewares/ST/STM32_USB_Device_Library/Class/CDC/Src/usbd_cdc.c.obj
                0x200002a0                USBD_CDC_OtherSpeedCfgDesc
 *fill*         0x200002e3        0x1 
 .data.FS_Desc  0x200002e4       0x1c CMakeFiles/lab06_taskab.dir/USB_DEVICE/App/usbd_desc.c.obj
                0x200002e4                FS_Desc
 .data.USBD_FS_DeviceDesc
                0x20000300       0x12 CMakeFiles/lab06_taskab.dir/USB_DEVICE/App/usbd_desc.c.obj
                0x20000300                USBD_FS_DeviceDesc
 *fill*         0x20000312        0x2 
 .data.USBD_LangIDDesc
                0x20000314        0x4 CMakeFiles/lab06_taskab.dir/USB_DEVICE/App/usbd_desc.c.obj
                0x20000314                USBD_LangIDDesc
 .data.USBD_StringSerial
                0x20000318       0x1a CMakeFiles/lab06_taskab.dir/USB_DEVICE/App/usbd_desc.c.obj
                0x20000318                USBD_StringSerial
 *fill*         0x20000332        0x2 
 .data.USBD_Interface_fops_FS
                0x20000334       0x10 CMakeFiles/lab06_taskab.dir/USB_DEVICE/App/usbd_cdc_if.c.obj
                0x20000334                USBD_Interface_fops_FS
 *(.RamFunc)
 *(.RamFunc*)
                0x20000344                        . = ALIGN (0x4)
                0x20000344                        _edata = .
                0x0800e180                        _siccmram = LOADADDR (.ccmram)

.igot.plt       0x20000344        0x0 load address 0x0800e180
 .igot.plt      0x20000344        0x0 /home/maniya/stm32cubeclt_1.18.0/GNU-tools-for-STM32/bin/../lib/gcc/arm-none-eabi/13.3.1/thumb/v7e-m+fp/hard/crtbegin.o

.ccmram         0x10000000        0x0 load address 0x0800e180
                0x10000000                        . = ALIGN (0x4)
                0x10000000                        _sccmram = .
 *(.ccmram)
 *(.ccmram*)
                0x10000000                        . = ALIGN (0x4)
                0x10000000                        _eccmram = .
                0x10000000                        . = ALIGN (0x4)

.bss            0x20000344     0x1500
                0x20000344                        _sbss = .
                0x20000344                        __bss_start__ = _sbss
 *(.bss)
 .bss           0x20000344       0x1c /home/maniya/stm32cubeclt_1.18.0/GNU-tools-for-STM32/bin/../lib/gcc/arm-none-eabi/13.3.1/thumb/v7e-m+fp/hard/crtbegin.o
 *(.bss*)
 .bss.__sf      0x20000360      0x138 /home/maniya/stm32cubeclt_1.18.0/GNU-tools-for-STM32/bin/../lib/gcc/arm-none-eabi/13.3.1/../../../../arm-none-eabi/lib/thumb/v7e-m+fp/hard/libc_nano.a(libc_a-findfp.o)
                0x20000360                __sf
 .bss.__stdio_exit_handler
                0x20000498        0x4 /home/maniya/stm32cubeclt_1.18.0/GNU-tools-for-STM32/bin/../lib/gcc/arm-none-eabi/13.3.1/../../../../arm-none-eabi/lib/thumb/v7e-m+fp/hard/libc_nano.a(libc_a-findfp.o)
                0x20000498                __stdio_exit_handler
 .bss.errno     0x2000049c        0x4 /home/maniya/stm32cubeclt_1.18.0/GNU-tools-for-STM32/bin/../lib/gcc/arm-none-eabi/13.3.1/../../../../arm-none-eabi/lib/thumb/v7e-m+fp/hard/libc_nano.a(libc_a-reent.o)
                0x2000049c                errno
 .bss.__lock___malloc_recursive_mutex
                0x200004a0        0x1 /home/maniya/stm32cubeclt_1.18.0/GNU-tools-for-STM32/bin/../lib/gcc/arm-none-eabi/13.3.1/../../../../arm-none-eabi/lib/thumb/v7e-m+fp/hard/libc_nano.a(libc_a-lock.o)
                0x200004a0                __lock___malloc_recursive_mutex
 .bss.__lock___sfp_recursive_mutex
                0x200004a1        0x1 /home/maniya/stm32cubeclt_1.18.0/GNU-tools-for-STM32/bin/../lib/gcc/arm-none-eabi/13.3.1/../../../../arm-none-eabi/lib/thumb/v7e-m+fp/hard/libc_nano.a(libc_a-lock.o)
                0x200004a1                __lock___sfp_recursive_mutex
 *fill*         0x200004a2        0x2 
 .bss.__malloc_sbrk_start
                0x200004a4        0x4 /home/maniya/stm32cubeclt_1.18.0/GNU-tools-for-STM32/bin/../lib/gcc/arm-none-eabi/13.3.1/../../../../arm-none-eabi/lib/thumb/v7e-m+fp/hard/libc_nano.a(libc_a-mallocr.o)
                0x200004a4                __malloc_sbrk_start
 .bss.__malloc_free_list
                0x200004a8        0x4 /home/maniya/stm32cubeclt_1.18.0/GNU-tools-for-STM32/bin/../lib/gcc/arm-none-eabi/13.3.1/../../../../arm-none-eabi/lib/thumb/v7e-m+fp/hard/libc_nano.a(libc_a-mallocr.o)
                0x200004a8                __malloc_free_list
 .bss.uwTick    0x200004ac        0x4 cmake/stm32cubemx/CMakeFiles/STM32_Drivers.dir/__/__/Drivers/STM32F3xx_HAL_Driver/Src/stm32f3xx_hal.c.obj
                0x200004ac                uwTick
 .bss.cfgidx.0  0x200004b0        0x1 cmake/stm32cubemx/CMakeFiles/USB_Device_Library.dir/__/__/Middlewares/ST/STM32_USB_Device_Library/Core/Src/usbd_ctlreq.c.obj
 *fill*         0x200004b1        0x3 
 .bss.hpcd_USB_FS
                0x200004b4      0x2d4 CMakeFiles/lab06_taskab.dir/USB_DEVICE/Target/usbd_conf.c.obj
                0x200004b4                hpcd_USB_FS